******************************************************************************
                  MSP430 Linker PC v16.9.4                     
******************************************************************************
>> Linked Tue Nov 28 17:55:49 2017

OUTPUT FILE NAME:   <project11.out>
ENTRY POINT SYMBOL: "_c_int00_noargs_noexit"  address: 0000df02


MEMORY CONFIGURATION

         name            origin    length      used     unused   attr    fill
----------------------  --------  ---------  --------  --------  ----  --------
  SFR                   00000000   00000010  00000000  00000010  RWIX
  PERIPHERALS_8BIT      00000010   000000f0  00000000  000000f0  RWIX
  PERIPHERALS_16BIT     00000100   00000100  00000000  00000100  RWIX
  RAM                   00000200   00000200  000000de  00000122  RWIX
  INFOD                 00001000   00000040  00000000  00000040  RWIX
  INFOC                 00001040   00000040  00000000  00000040  RWIX
  INFOB                 00001080   00000040  00000000  00000040  RWIX
  INFOA                 000010c0   00000040  00000000  00000040  RWIX
  FLASH                 0000c000   00003fde  0000209a  00001f44  RWIX
  BSLSIGNATURE          0000ffde   00000002  00000002  00000000  RWIX  ffff 
  INT00                 0000ffe0   00000002  00000002  00000000  RWIX
  INT01                 0000ffe2   00000002  00000000  00000002  RWIX
  INT02                 0000ffe4   00000002  00000002  00000000  RWIX
  INT03                 0000ffe6   00000002  00000002  00000000  RWIX
  INT04                 0000ffe8   00000002  00000000  00000002  RWIX
  INT05                 0000ffea   00000002  00000002  00000000  RWIX
  INT06                 0000ffec   00000002  00000002  00000000  RWIX
  INT07                 0000ffee   00000002  00000002  00000000  RWIX
  INT08                 0000fff0   00000002  00000002  00000000  RWIX
  INT09                 0000fff2   00000002  00000002  00000000  RWIX
  INT10                 0000fff4   00000002  00000002  00000000  RWIX
  INT11                 0000fff6   00000002  00000002  00000000  RWIX
  INT12                 0000fff8   00000002  00000002  00000000  RWIX
  INT13                 0000fffa   00000002  00000002  00000000  RWIX
  INT14                 0000fffc   00000002  00000002  00000000  RWIX
  RESET                 0000fffe   00000002  00000002  00000000  RWIX


SECTION ALLOCATION MAP

 output                                  attributes/
section   page    origin      length       input sections
--------  ----  ----------  ----------   ----------------
.data      0    00000200    00000060     UNINITIALIZED
                  00000200    00000028     main.obj (.data)
                  00000228    00000010     main.obj (.data:x_buffer)
                  00000238    00000010     main.obj (.data:y_buffer)
                  00000248    00000010     main.obj (.data:z_buffer)
                  00000258    00000006     main.obj (.data:adc)
                  0000025e    00000002     rts430_eabi.lib : errno.obj (.data)

.bss       0    00000260    0000002e     UNINITIALIZED
                  00000260    0000000c     (.common:calcs)
                  0000026c    0000000a     (.common:PushButton)
                  00000276    00000002     (.common:LastPushButtonStatus)
                  00000278    00000002     (.common:PushButtonStatus)
                  0000027a    00000002     (.common:angle)
                  0000027c    00000002     (.common:g1msTimeout)
                  0000027e    00000002     (.common:g1msTimer)
                  00000280    00000002     (.common:hypotenuse)
                  00000282    00000002     (.common:mainDuty)
                  00000284    00000002     (.common:mainTimer)
                  00000286    00000002     (.common:resetTimer)
                  00000288    00000002     (.common:sideTimer)
                  0000028a    00000002     (.common:updateTimer)
                  0000028c    00000001     (.common:mainLED)
                  0000028d    00000001     (.common:sideLED)

.stack     0    000003b0    00000050     UNINITIALIZED
                  000003b0    00000002     rts430_eabi.lib : boot.obj (.stack)
                  000003b2    0000004e     --HOLE--

.text      0    0000c000    00002040     
                  0000c000    000002f8     rts430_eabi.lib : e_sqrt.obj (.text:sqrt)
                  0000c2f8    000002e8                     : addd.obj (.text:__mspabi_addd)
                  0000c5e0    00000286                     : frcmpyd.obj (.text:__TI_frcmpyd)
                  0000c866    0000026e                     : mpyd.obj (.text:__mspabi_mpyd)
                  0000cad4    00000260                     : frcaddd.obj (.text:__TI_frcaddd)
                  0000cd34    000001f6     main.obj (.text:calculateAngle)
                  0000cf2a    000001ac     cordic.obj (.text:Cordic)
                  0000d0d6    0000013e     main.obj (.text:CalibrateACC)
                  0000d214    00000138     main.obj (.text:updateDisplay)
                  0000d34c    00000132     rts430_eabi.lib : fs_add.obj (.text)
                  0000d47e    000000ea     debounce.obj (.text:Debouncer)
                  0000d568    000000c4     rts430_eabi.lib : fs_mpy.obj (.text)
                  0000d62c    000000be                     : renormd.obj (.text:__TI_renormd)
                  0000d6ea    000000ac                     : fltlid.obj (.text:__mspabi_fltlid)
                  0000d796    000000ac     main.obj (.text:averageFilter)
                  0000d842    0000008c     rts430_eabi.lib : cvtdf.obj (.text:__mspabi_cvtdf)
                  0000d8ce    00000082     main.obj (.text:ManageSoftwareTimers)
                  0000d950    0000007c     rts430_eabi.lib : copy_decompress_lzss.obj (.text:decompress:lzss:__TI_decompress_lzss)
                  0000d9cc    00000072                     : fixdli.obj (.text:__mspabi_fixdli)
                  0000da3e    0000006e                     : autoinit.obj (.text:_auto_init)
                  0000daac    00000068                     : fs_toi.obj (.text)
                  0000db14    0000005c                     : lsr32.obj (.text:l_lsr_const)
                  0000db70    0000005a                     : cpy_tbl.obj (.text:copy_in)
                  0000dbca    00000050     main.obj (.text:main)
                  0000dc1a    0000004c     rts430_eabi.lib : lsr16.obj (.text)
                  0000dc66    0000004a                     : fs_ltof.obj (.text)
                  0000dcb0    0000003e                     : asr32.obj (.text:l_asr_const)
                  0000dcee    0000003e                     : lsl32.obj (.text:l_lsl_const)
                  0000dd2c    00000036                     : fs_itof.obj (.text)
                  0000dd62    00000030     spi.obj (.text:SPISendByte)
                  0000dd92    0000002e     main.obj (.text:readADC)
                  0000ddc0    0000002c     rts430_eabi.lib : asr16.obj (.text)
                  0000ddec    0000002c                     : div16s.obj (.text)
                  0000de18    0000002c                     : lsl16.obj (.text)
                  0000de44    00000028                     : fixdi.obj (.text:__mspabi_fixdi)
                  0000de6c    00000026                     : mult32.obj (.text)
                  0000de92    0000001e     timerA.obj (.text:ConfigureTimerA)
                  0000deb0    0000001e     debounce.obj (.text:InitializeSwitch)
                  0000dece    0000001a     main.obj (.text:InitializeADC)
                  0000dee8    0000001a     LED_display.obj (.text:SetLEDDisplay)
                  0000df02    0000001a     rts430_eabi.lib : boot_special.obj (.text:_c_int00_noargs_noexit)
                  0000df1c    00000016     debounce.obj (.text:GetSwitch)
                  0000df32    00000016     rts430_eabi.lib : div16u.obj (.text)
                  0000df48    00000014     spi.obj (.text:InitializeSPI)
                  0000df5c    00000014     rts430_eabi.lib : copy_zero_init.obj (.text:decompress:ZI:__TI_zero_init)
                  0000df70    00000014                     : mult16.obj (.text)
                  0000df84    00000012                     : copy_decompress_none.obj (.text:decompress:none:__TI_decompress_none)
                  0000df96    00000012                     : lsr32.obj (.text:l_lsr)
                  0000dfa8    00000012                     : memcpy.obj (.text:memcpy)
                  0000dfba    00000010                     : asr32.obj (.text:l_asr)
                  0000dfca    00000010                     : lsl32.obj (.text:l_lsl)
                  0000dfda    00000010                     : epilog.obj (.text)
                  0000dfea    0000000e     main.obj (.text:ConfigureClockModule)
                  0000dff8    0000000e     pushbutton.obj (.text:InitializePushButtonPortPin)
                  0000e006    0000000c     LED_display.obj (.text:InitializeLEDDisplay)
                  0000e012    0000000c     rts430_eabi.lib : fltid.obj (.text:__mspabi_fltid)
                  0000e01e    00000008     main.obj (.text:ADC10_ISR)
                  0000e026    00000008     rts430_eabi.lib : isr_trap.obj (.text:_isr:__TI_ISR_TRAP)
                  0000e02e    00000006     timerA.obj (.text:TimerA0_routine)
                  0000e034    00000006     rts430_eabi.lib : exit.obj (.text:abort)
                  0000e03a    00000004                     : pre_init.obj (.text:_system_pre_init)
                  0000e03e    00000002                     : startup.obj (.text:_system_post_cinit)

.binit     0    0000c000    00000000     

.const     0    0000e040    00000040     
                  0000e040    00000040     cordic.obj (.const:cordic_ctab_degrees)

.cinit     0    0000e080    0000001a     
                  0000e080    00000008     (.cinit..data.load) [load image, compression = lzss]
                  0000e088    00000006     (__TI_handler_table)
                  0000e08e    00000004     (.cinit..bss.load) [load image, compression = zero_init]
                  0000e092    00000008     (__TI_cinit_table)

.init_array 
*          0    0000c000    00000000     UNINITIALIZED

TRAPINT    0    0000ffe0    00000002     
                  0000ffe0    00000002     rts430_eabi.lib : int00.obj (.int00)

PORT1      0    0000ffe4    00000002     
                  0000ffe4    00000002     rts430_eabi.lib : int02.obj (.int02)

PORT2      0    0000ffe6    00000002     
                  0000ffe6    00000002     rts430_eabi.lib : int03.obj (.int03)

$fill000   0    0000ffde    00000002     
                  0000ffde    00000002     --HOLE-- [fill = ffff]

ADC10      0    0000ffea    00000002     
                  0000ffea    00000002     main.obj (.int05)

USCIAB0TX 
*          0    0000ffec    00000002     
                  0000ffec    00000002     rts430_eabi.lib : int06.obj (.int06)

USCIAB0RX 
*          0    0000ffee    00000002     
                  0000ffee    00000002     rts430_eabi.lib : int07.obj (.int07)

TIMER0_A1 
*          0    0000fff0    00000002     
                  0000fff0    00000002     rts430_eabi.lib : int08.obj (.int08)

TIMER0_A0 
*          0    0000fff2    00000002     
                  0000fff2    00000002     timerA.obj (.int09)

WDT        0    0000fff4    00000002     
                  0000fff4    00000002     rts430_eabi.lib : int10.obj (.int10)

COMPARATORA 
*          0    0000fff6    00000002     
                  0000fff6    00000002     rts430_eabi.lib : int11.obj (.int11)

TIMER1_A1 
*          0    0000fff8    00000002     
                  0000fff8    00000002     rts430_eabi.lib : int12.obj (.int12)

TIMER1_A0 
*          0    0000fffa    00000002     
                  0000fffa    00000002     rts430_eabi.lib : int13.obj (.int13)

NMI        0    0000fffc    00000002     
                  0000fffc    00000002     rts430_eabi.lib : int14.obj (.int14)

.reset     0    0000fffe    00000002     
                  0000fffe    00000002     rts430_eabi.lib : boot.obj (.reset)

MODULE SUMMARY

       Module                     code   ro data   rw data
       ------                     ----   -------   -------
    .\
       main.obj                   1608   2         140    
       cordic.obj                 428    64        0      
       debounce.obj               286    0         0      
       spi.obj                    68     0         0      
       LED_display.obj            38     0         0      
       timerA.obj                 36     2         0      
       pushbutton.obj             14     0         0      
    +--+--------------------------+------+---------+---------+
       Total:                     2478   68        140    
                                                          
    C:\ti\ccsv7\tools\compiler\ti-cgt-msp430_16.9.4.LTS\lib\rts430_eabi.lib
       e_sqrt.obj                 760    0         0      
       addd.obj                   744    0         0      
       frcmpyd.obj                646    0         0      
       mpyd.obj                   622    0         0      
       frcaddd.obj                608    0         0      
       fs_add.obj                 306    0         0      
       fs_mpy.obj                 196    0         0      
       renormd.obj                190    0         0      
       fltlid.obj                 172    0         0      
       cvtdf.obj                  140    0         0      
       copy_decompress_lzss.obj   124    0         0      
       fixdli.obj                 114    0         0      
       autoinit.obj               110    0         0      
       lsr32.obj                  110    0         0      
       fs_toi.obj                 104    0         0      
       cpy_tbl.obj                90     0         0      
       asr32.obj                  78     0         0      
       lsl32.obj                  78     0         0      
       lsr16.obj                  76     0         0      
       fs_ltof.obj                74     0         0      
       fs_itof.obj                54     0         0      
       asr16.obj                  44     0         0      
       div16s.obj                 44     0         0      
       lsl16.obj                  44     0         0      
       fixdi.obj                  40     0         0      
       mult32.obj                 38     0         0      
       boot_special.obj           26     0         0      
       div16u.obj                 22     0         0      
       copy_zero_init.obj         20     0         0      
       mult16.obj                 20     0         0      
       copy_decompress_none.obj   18     0         0      
       memcpy.obj                 18     0         0      
       epilog.obj                 16     0         0      
       fltid.obj                  12     0         0      
       isr_trap.obj               8      0         0      
       exit.obj                   6      0         0      
       pre_init.obj               4      0         0      
       boot.obj                   0      2         0      
       errno.obj                  0      0         2      
       int00.obj                  0      2         0      
       int02.obj                  0      2         0      
       int03.obj                  0      2         0      
       int06.obj                  0      2         0      
       int07.obj                  0      2         0      
       int08.obj                  0      2         0      
       int10.obj                  0      2         0      
       int11.obj                  0      2         0      
       int12.obj                  0      2         0      
       int13.obj                  0      2         0      
       int14.obj                  0      2         0      
       startup.obj                2      0         0      
    +--+--------------------------+------+---------+---------+
       Total:                     5778   24        2      
                                                          
       Stack:                     0      0         80     
       Linker Generated:          0      26        0      
    +--+--------------------------+------+---------+---------+
       Grand Total:               8256   118       222    


LINKER GENERATED COPY TABLES

__TI_cinit_table @ 0000e092 records: 2, size/record: 4, table size: 8
	.data: load addr=0000e080, load size=00000008 bytes, run addr=00000200, run size=00000060 bytes, compression=lzss
	.bss: load addr=0000e08e, load size=00000004 bytes, run addr=00000260, run size=0000002e bytes, compression=zero_init


LINKER GENERATED HANDLER TABLE

__TI_handler_table @ 0000e088 records: 3, size/record: 2, table size: 6
	index: 0, handler: __TI_zero_init
	index: 1, handler: __TI_decompress_lzss
	index: 2, handler: __TI_decompress_none


GLOBAL SYMBOLS: SORTED ALPHABETICALLY BY Name 

address   name                       
-------   ----                       
0000004a  ADC10AE0                   
000001b0  ADC10CTL0                  
000001b2  ADC10CTL1                  
00000048  ADC10DTC0                  
00000049  ADC10DTC1                  
000001b4  ADC10MEM                   
000001bc  ADC10SA                    
0000e01e  ADC10_ISR                  
00000057  BCSCTL1                    
00000058  BCSCTL2                    
00000053  BCSCTL3                    
0000e034  C$$EXIT                    
00000059  CACTL1                     
0000005a  CACTL2                     
000010fb  CALBC1_12MHZ               
000010f9  CALBC1_16MHZ               
000010ff  CALBC1_1MHZ                
000010fd  CALBC1_8MHZ                
000010fa  CALDCO_12MHZ               
000010f8  CALDCO_16MHZ               
000010fe  CALDCO_1MHZ                
000010fc  CALDCO_8MHZ                
0000005b  CAPD                       
0000d0d6  CalibrateACC               
00000214  CalibrationState           
0000dfea  ConfigureClockModule       
0000de92  ConfigureTimerA            
0000cf2a  Cordic                     
00000056  DCOCTL                     
0000d47e  Debouncer                  
00000128  FCTL1                      
0000012a  FCTL2                      
0000012c  FCTL3                      
0000df1c  GetSwitch                  
00000000  IE1                        
00000001  IE2                        
00000002  IFG1                       
00000003  IFG2                       
0000dece  InitializeADC              
0000e006  InitializeLEDDisplay       
0000dff8  InitializePushButtonPortPin
0000df48  InitializeSPI              
0000deb0  InitializeSwitch           
00000276  LastPushButtonStatus       
0000d8ce  ManageSoftwareTimers       
00000022  P1DIR                      
00000025  P1IE                       
00000024  P1IES                      
00000023  P1IFG                      
00000020  P1IN                       
00000021  P1OUT                      
00000027  P1REN                      
00000026  P1SEL                      
00000041  P1SEL2                     
0000002a  P2DIR                      
0000002d  P2IE                       
0000002c  P2IES                      
0000002b  P2IFG                      
00000028  P2IN                       
00000029  P2OUT                      
0000002f  P2REN                      
0000002e  P2SEL                      
00000042  P2SEL2                     
0000001a  P3DIR                      
00000018  P3IN                       
00000019  P3OUT                      
00000010  P3REN                      
0000001b  P3SEL                      
00000043  P3SEL2                     
0000026c  PushButton                 
00000278  PushButtonStatus           
0000dd62  SPISendByte                
0000dee8  SetLEDDisplay              
00000172  TA0CCR0                    
00000174  TA0CCR1                    
00000176  TA0CCR2                    
00000162  TA0CCTL0                   
00000164  TA0CCTL1                   
00000166  TA0CCTL2                   
00000160  TA0CTL                     
0000012e  TA0IV                      
00000170  TA0R                       
00000192  TA1CCR0                    
00000194  TA1CCR1                    
00000196  TA1CCR2                    
00000182  TA1CCTL0                   
00000184  TA1CCTL1                   
00000186  TA1CCTL2                   
00000180  TA1CTL                     
0000011e  TA1IV                      
00000190  TA1R                       
000010db  TLV_ADC10_1_LEN            
000010da  TLV_ADC10_1_TAG            
000010c0  TLV_CHECKSUM               
000010f7  TLV_DCO_30_LEN             
000010f6  TLV_DCO_30_TAG             
0000e02e  TimerA0_routine            
0000005d  UCA0ABCTL                  
00000062  UCA0BR0                    
00000063  UCA0BR1                    
00000060  UCA0CTL0                   
00000061  UCA0CTL1                   
0000005f  UCA0IRRCTL                 
0000005e  UCA0IRTCTL                 
00000064  UCA0MCTL                   
00000066  UCA0RXBUF                  
00000065  UCA0STAT                   
00000067  UCA0TXBUF                  
0000006a  UCB0BR0                    
0000006b  UCB0BR1                    
00000068  UCB0CTL0                   
00000069  UCB0CTL1                   
0000006c  UCB0I2CIE                  
00000118  UCB0I2COA                  
0000011a  UCB0I2CSA                  
0000006e  UCB0RXBUF                  
0000006d  UCB0STAT                   
0000006f  UCB0TXBUF                  
00000120  WDTCTL                     
00000200  X_Axis_Sample              
00000202  Y_Axis_Sample              
00000204  Z_Axis_Sample              
00000400  __STACK_END                
00000050  __STACK_SIZE               
UNDEFED   __TI_BINIT_Base            
UNDEFED   __TI_BINIT_Limit           
0000e092  __TI_CINIT_Base            
0000e09a  __TI_CINIT_Limit           
0000e088  __TI_Handler_Table_Base    
0000e08e  __TI_Handler_Table_Limit   
UNDEFED   __TI_INITARRAY_Base        
UNDEFED   __TI_INITARRAY_Limit       
0000e026  __TI_ISR_TRAP              
0000d950  __TI_decompress_lzss       
0000df84  __TI_decompress_none       
0000cad4  __TI_frcaddd               
0000c5e0  __TI_frcmpyd               
0000ffe0  __TI_int00                 
0000ffe4  __TI_int02                 
0000ffe6  __TI_int03                 
0000ffea  __TI_int05                 
0000ffec  __TI_int06                 
0000ffee  __TI_int07                 
0000fff0  __TI_int08                 
0000fff2  __TI_int09                 
0000fff4  __TI_int10                 
0000fff6  __TI_int11                 
0000fff8  __TI_int12                 
0000fffa  __TI_int13                 
0000fffc  __TI_int14                 
ffffffff  __TI_pprof_out_hndl        
ffffffff  __TI_prof_data_size        
ffffffff  __TI_prof_data_start       
0000d62c  __TI_renormd               
0000df5c  __TI_zero_init             
ffffffff  __c_args__                 
0000c2f8  __mspabi_addd              
0000d352  __mspabi_addf              
0000d842  __mspabi_cvtdf             
0000ddec  __mspabi_divi              
0000df32  __mspabi_divu              
0000de44  __mspabi_fixdi             
0000d9cc  __mspabi_fixdli            
0000daac  __mspabi_fixfi             
0000e012  __mspabi_fltid             
0000dd2c  __mspabi_fltif             
0000d6ea  __mspabi_fltlid            
0000dc66  __mspabi_fltlif            
0000dfe6  __mspabi_func_epilog_1     
0000dfe4  __mspabi_func_epilog_2     
0000dfe2  __mspabi_func_epilog_3     
0000dfe0  __mspabi_func_epilog_4     
0000dfde  __mspabi_func_epilog_5     
0000dfdc  __mspabi_func_epilog_6     
0000dfda  __mspabi_func_epilog_7     
0000c866  __mspabi_mpyd              
0000d568  __mspabi_mpyf              
0000df70  __mspabi_mpyi              
0000df70  __mspabi_mpyi_sw           
0000de6c  __mspabi_mpyl              
0000de6c  __mspabi_mpyl_sw           
0000ddec  __mspabi_remi              
0000df32  __mspabi_remu              
0000de18  __mspabi_slli              
0000de40  __mspabi_slli_1            
0000de2e  __mspabi_slli_10           
0000de2c  __mspabi_slli_11           
0000de2a  __mspabi_slli_12           
0000de28  __mspabi_slli_13           
0000de26  __mspabi_slli_14           
0000de24  __mspabi_slli_15           
0000de3e  __mspabi_slli_2            
0000de3c  __mspabi_slli_3            
0000de3a  __mspabi_slli_4            
0000de38  __mspabi_slli_5            
0000de36  __mspabi_slli_6            
0000de34  __mspabi_slli_7            
0000de32  __mspabi_slli_8            
0000de30  __mspabi_slli_9            
0000dfca  __mspabi_slll              
0000dd26  __mspabi_slll_1            
0000dd02  __mspabi_slll_10           
0000dcfe  __mspabi_slll_11           
0000dcfa  __mspabi_slll_12           
0000dcf6  __mspabi_slll_13           
0000dcf2  __mspabi_slll_14           
0000dcee  __mspabi_slll_15           
0000dd22  __mspabi_slll_2            
0000dd1e  __mspabi_slll_3            
0000dd1a  __mspabi_slll_4            
0000dd16  __mspabi_slll_5            
0000dd12  __mspabi_slll_6            
0000dd0e  __mspabi_slll_7            
0000dd0a  __mspabi_slll_8            
0000dd06  __mspabi_slll_9            
0000ddc0  __mspabi_srai              
0000dde8  __mspabi_srai_1            
0000ddd6  __mspabi_srai_10           
0000ddd4  __mspabi_srai_11           
0000ddd2  __mspabi_srai_12           
0000ddd0  __mspabi_srai_13           
0000ddce  __mspabi_srai_14           
0000ddcc  __mspabi_srai_15           
0000dde6  __mspabi_srai_2            
0000dde4  __mspabi_srai_3            
0000dde2  __mspabi_srai_4            
0000dde0  __mspabi_srai_5            
0000ddde  __mspabi_srai_6            
0000dddc  __mspabi_srai_7            
0000ddda  __mspabi_srai_8            
0000ddd8  __mspabi_srai_9            
0000dfba  __mspabi_sral              
0000dce8  __mspabi_sral_1            
0000dcc4  __mspabi_sral_10           
0000dcc0  __mspabi_sral_11           
0000dcbc  __mspabi_sral_12           
0000dcb8  __mspabi_sral_13           
0000dcb4  __mspabi_sral_14           
0000dcb0  __mspabi_sral_15           
0000dce4  __mspabi_sral_2            
0000dce0  __mspabi_sral_3            
0000dcdc  __mspabi_sral_4            
0000dcd8  __mspabi_sral_5            
0000dcd4  __mspabi_sral_6            
0000dcd0  __mspabi_sral_7            
0000dccc  __mspabi_sral_8            
0000dcc8  __mspabi_sral_9            
0000dc1a  __mspabi_srli              
0000dc60  __mspabi_srli_1            
0000dc3c  __mspabi_srli_10           
0000dc38  __mspabi_srli_11           
0000dc34  __mspabi_srli_12           
0000dc30  __mspabi_srli_13           
0000dc2c  __mspabi_srli_14           
0000dc28  __mspabi_srli_15           
0000dc5c  __mspabi_srli_2            
0000dc58  __mspabi_srli_3            
0000dc54  __mspabi_srli_4            
0000dc50  __mspabi_srli_5            
0000dc4c  __mspabi_srli_6            
0000dc48  __mspabi_srli_7            
0000dc44  __mspabi_srli_8            
0000dc40  __mspabi_srli_9            
0000df96  __mspabi_srll              
0000db68  __mspabi_srll_1            
0000db32  __mspabi_srll_10           
0000db2c  __mspabi_srll_11           
0000db26  __mspabi_srll_12           
0000db20  __mspabi_srll_13           
0000db1a  __mspabi_srll_14           
0000db14  __mspabi_srll_15           
0000db62  __mspabi_srll_2            
0000db5c  __mspabi_srll_3            
0000db56  __mspabi_srll_4            
0000db50  __mspabi_srll_5            
0000db4a  __mspabi_srll_6            
0000db44  __mspabi_srll_7            
0000db3e  __mspabi_srll_8            
0000db38  __mspabi_srll_9            
0000d34c  __mspabi_subf              
0000da3e  _auto_init                 
0000df02  _c_int00_noargs_noexit     
0000fffe  _reset_vector              
000003b0  _stack                     
0000e03e  _system_post_cinit         
0000e03a  _system_pre_init           
0000e034  abort                      
00000258  adc                        
0000027a  angle                      
0000d796  averageFilter              
00000260  calcs                      
0000cd34  calculateAngle             
0000db70  copy_in                    
0000e040  cordic_ctab_degrees        
00000208  cumulativeSumX             
0000020c  cumulativeSumY             
00000210  cumulativeSumZ             
0000025e  errno                      
0000027c  g1msTimeout                
0000027e  g1msTimer                  
00000280  hypotenuse                 
0000dbca  main                       
00000282  mainDuty                   
0000028c  mainLED                    
00000284  mainTimer                  
0000dfa8  memcpy                     
00000212  n                          
00000222  offSetX                    
00000224  offSetY                    
00000226  offSetZ                    
0000dd92  readADC                    
00000286  resetTimer                 
0000028d  sideLED                    
00000288  sideTimer                  
0000c000  sqrt                       
0000c000  sqrtl                      
0000d214  updateDisplay              
0000028a  updateTimer                
00000206  x                          
0000021e  xMax                       
00000220  xMin                       
00000228  x_buffer                   
0000020a  y                          
0000021a  yMax                       
0000021c  yMin                       
00000238  y_buffer                   
0000020e  z                          
00000216  zMax                       
00000218  zMin                       
00000248  z_buffer                   


GLOBAL SYMBOLS: SORTED BY Symbol Address 

address   name                       
-------   ----                       
00000000  IE1                        
00000001  IE2                        
00000002  IFG1                       
00000003  IFG2                       
00000010  P3REN                      
00000018  P3IN                       
00000019  P3OUT                      
0000001a  P3DIR                      
0000001b  P3SEL                      
00000020  P1IN                       
00000021  P1OUT                      
00000022  P1DIR                      
00000023  P1IFG                      
00000024  P1IES                      
00000025  P1IE                       
00000026  P1SEL                      
00000027  P1REN                      
00000028  P2IN                       
00000029  P2OUT                      
0000002a  P2DIR                      
0000002b  P2IFG                      
0000002c  P2IES                      
0000002d  P2IE                       
0000002e  P2SEL                      
0000002f  P2REN                      
00000041  P1SEL2                     
00000042  P2SEL2                     
00000043  P3SEL2                     
00000048  ADC10DTC0                  
00000049  ADC10DTC1                  
0000004a  ADC10AE0                   
00000050  __STACK_SIZE               
00000053  BCSCTL3                    
00000056  DCOCTL                     
00000057  BCSCTL1                    
00000058  BCSCTL2                    
00000059  CACTL1                     
0000005a  CACTL2                     
0000005b  CAPD                       
0000005d  UCA0ABCTL                  
0000005e  UCA0IRTCTL                 
0000005f  UCA0IRRCTL                 
00000060  UCA0CTL0                   
00000061  UCA0CTL1                   
00000062  UCA0BR0                    
00000063  UCA0BR1                    
00000064  UCA0MCTL                   
00000065  UCA0STAT                   
00000066  UCA0RXBUF                  
00000067  UCA0TXBUF                  
00000068  UCB0CTL0                   
00000069  UCB0CTL1                   
0000006a  UCB0BR0                    
0000006b  UCB0BR1                    
0000006c  UCB0I2CIE                  
0000006d  UCB0STAT                   
0000006e  UCB0RXBUF                  
0000006f  UCB0TXBUF                  
00000118  UCB0I2COA                  
0000011a  UCB0I2CSA                  
0000011e  TA1IV                      
00000120  WDTCTL                     
00000128  FCTL1                      
0000012a  FCTL2                      
0000012c  FCTL3                      
0000012e  TA0IV                      
00000160  TA0CTL                     
00000162  TA0CCTL0                   
00000164  TA0CCTL1                   
00000166  TA0CCTL2                   
00000170  TA0R                       
00000172  TA0CCR0                    
00000174  TA0CCR1                    
00000176  TA0CCR2                    
00000180  TA1CTL                     
00000182  TA1CCTL0                   
00000184  TA1CCTL1                   
00000186  TA1CCTL2                   
00000190  TA1R                       
00000192  TA1CCR0                    
00000194  TA1CCR1                    
00000196  TA1CCR2                    
000001b0  ADC10CTL0                  
000001b2  ADC10CTL1                  
000001b4  ADC10MEM                   
000001bc  ADC10SA                    
00000200  X_Axis_Sample              
00000202  Y_Axis_Sample              
00000204  Z_Axis_Sample              
00000206  x                          
00000208  cumulativeSumX             
0000020a  y                          
0000020c  cumulativeSumY             
0000020e  z                          
00000210  cumulativeSumZ             
00000212  n                          
00000214  CalibrationState           
00000216  zMax                       
00000218  zMin                       
0000021a  yMax                       
0000021c  yMin                       
0000021e  xMax                       
00000220  xMin                       
00000222  offSetX                    
00000224  offSetY                    
00000226  offSetZ                    
00000228  x_buffer                   
00000238  y_buffer                   
00000248  z_buffer                   
00000258  adc                        
0000025e  errno                      
00000260  calcs                      
0000026c  PushButton                 
00000276  LastPushButtonStatus       
00000278  PushButtonStatus           
0000027a  angle                      
0000027c  g1msTimeout                
0000027e  g1msTimer                  
00000280  hypotenuse                 
00000282  mainDuty                   
00000284  mainTimer                  
00000286  resetTimer                 
00000288  sideTimer                  
0000028a  updateTimer                
0000028c  mainLED                    
0000028d  sideLED                    
000003b0  _stack                     
00000400  __STACK_END                
000010c0  TLV_CHECKSUM               
000010da  TLV_ADC10_1_TAG            
000010db  TLV_ADC10_1_LEN            
000010f6  TLV_DCO_30_TAG             
000010f7  TLV_DCO_30_LEN             
000010f8  CALDCO_16MHZ               
000010f9  CALBC1_16MHZ               
000010fa  CALDCO_12MHZ               
000010fb  CALBC1_12MHZ               
000010fc  CALDCO_8MHZ                
000010fd  CALBC1_8MHZ                
000010fe  CALDCO_1MHZ                
000010ff  CALBC1_1MHZ                
0000c000  sqrt                       
0000c000  sqrtl                      
0000c2f8  __mspabi_addd              
0000c5e0  __TI_frcmpyd               
0000c866  __mspabi_mpyd              
0000cad4  __TI_frcaddd               
0000cd34  calculateAngle             
0000cf2a  Cordic                     
0000d0d6  CalibrateACC               
0000d214  updateDisplay              
0000d34c  __mspabi_subf              
0000d352  __mspabi_addf              
0000d47e  Debouncer                  
0000d568  __mspabi_mpyf              
0000d62c  __TI_renormd               
0000d6ea  __mspabi_fltlid            
0000d796  averageFilter              
0000d842  __mspabi_cvtdf             
0000d8ce  ManageSoftwareTimers       
0000d950  __TI_decompress_lzss       
0000d9cc  __mspabi_fixdli            
0000da3e  _auto_init                 
0000daac  __mspabi_fixfi             
0000db14  __mspabi_srll_15           
0000db1a  __mspabi_srll_14           
0000db20  __mspabi_srll_13           
0000db26  __mspabi_srll_12           
0000db2c  __mspabi_srll_11           
0000db32  __mspabi_srll_10           
0000db38  __mspabi_srll_9            
0000db3e  __mspabi_srll_8            
0000db44  __mspabi_srll_7            
0000db4a  __mspabi_srll_6            
0000db50  __mspabi_srll_5            
0000db56  __mspabi_srll_4            
0000db5c  __mspabi_srll_3            
0000db62  __mspabi_srll_2            
0000db68  __mspabi_srll_1            
0000db70  copy_in                    
0000dbca  main                       
0000dc1a  __mspabi_srli              
0000dc28  __mspabi_srli_15           
0000dc2c  __mspabi_srli_14           
0000dc30  __mspabi_srli_13           
0000dc34  __mspabi_srli_12           
0000dc38  __mspabi_srli_11           
0000dc3c  __mspabi_srli_10           
0000dc40  __mspabi_srli_9            
0000dc44  __mspabi_srli_8            
0000dc48  __mspabi_srli_7            
0000dc4c  __mspabi_srli_6            
0000dc50  __mspabi_srli_5            
0000dc54  __mspabi_srli_4            
0000dc58  __mspabi_srli_3            
0000dc5c  __mspabi_srli_2            
0000dc60  __mspabi_srli_1            
0000dc66  __mspabi_fltlif            
0000dcb0  __mspabi_sral_15           
0000dcb4  __mspabi_sral_14           
0000dcb8  __mspabi_sral_13           
0000dcbc  __mspabi_sral_12           
0000dcc0  __mspabi_sral_11           
0000dcc4  __mspabi_sral_10           
0000dcc8  __mspabi_sral_9            
0000dccc  __mspabi_sral_8            
0000dcd0  __mspabi_sral_7            
0000dcd4  __mspabi_sral_6            
0000dcd8  __mspabi_sral_5            
0000dcdc  __mspabi_sral_4            
0000dce0  __mspabi_sral_3            
0000dce4  __mspabi_sral_2            
0000dce8  __mspabi_sral_1            
0000dcee  __mspabi_slll_15           
0000dcf2  __mspabi_slll_14           
0000dcf6  __mspabi_slll_13           
0000dcfa  __mspabi_slll_12           
0000dcfe  __mspabi_slll_11           
0000dd02  __mspabi_slll_10           
0000dd06  __mspabi_slll_9            
0000dd0a  __mspabi_slll_8            
0000dd0e  __mspabi_slll_7            
0000dd12  __mspabi_slll_6            
0000dd16  __mspabi_slll_5            
0000dd1a  __mspabi_slll_4            
0000dd1e  __mspabi_slll_3            
0000dd22  __mspabi_slll_2            
0000dd26  __mspabi_slll_1            
0000dd2c  __mspabi_fltif             
0000dd62  SPISendByte                
0000dd92  readADC                    
0000ddc0  __mspabi_srai              
0000ddcc  __mspabi_srai_15           
0000ddce  __mspabi_srai_14           
0000ddd0  __mspabi_srai_13           
0000ddd2  __mspabi_srai_12           
0000ddd4  __mspabi_srai_11           
0000ddd6  __mspabi_srai_10           
0000ddd8  __mspabi_srai_9            
0000ddda  __mspabi_srai_8            
0000dddc  __mspabi_srai_7            
0000ddde  __mspabi_srai_6            
0000dde0  __mspabi_srai_5            
0000dde2  __mspabi_srai_4            
0000dde4  __mspabi_srai_3            
0000dde6  __mspabi_srai_2            
0000dde8  __mspabi_srai_1            
0000ddec  __mspabi_divi              
0000ddec  __mspabi_remi              
0000de18  __mspabi_slli              
0000de24  __mspabi_slli_15           
0000de26  __mspabi_slli_14           
0000de28  __mspabi_slli_13           
0000de2a  __mspabi_slli_12           
0000de2c  __mspabi_slli_11           
0000de2e  __mspabi_slli_10           
0000de30  __mspabi_slli_9            
0000de32  __mspabi_slli_8            
0000de34  __mspabi_slli_7            
0000de36  __mspabi_slli_6            
0000de38  __mspabi_slli_5            
0000de3a  __mspabi_slli_4            
0000de3c  __mspabi_slli_3            
0000de3e  __mspabi_slli_2            
0000de40  __mspabi_slli_1            
0000de44  __mspabi_fixdi             
0000de6c  __mspabi_mpyl              
0000de6c  __mspabi_mpyl_sw           
0000de92  ConfigureTimerA            
0000deb0  InitializeSwitch           
0000dece  InitializeADC              
0000dee8  SetLEDDisplay              
0000df02  _c_int00_noargs_noexit     
0000df1c  GetSwitch                  
0000df32  __mspabi_divu              
0000df32  __mspabi_remu              
0000df48  InitializeSPI              
0000df5c  __TI_zero_init             
0000df70  __mspabi_mpyi              
0000df70  __mspabi_mpyi_sw           
0000df84  __TI_decompress_none       
0000df96  __mspabi_srll              
0000dfa8  memcpy                     
0000dfba  __mspabi_sral              
0000dfca  __mspabi_slll              
0000dfda  __mspabi_func_epilog_7     
0000dfdc  __mspabi_func_epilog_6     
0000dfde  __mspabi_func_epilog_5     
0000dfe0  __mspabi_func_epilog_4     
0000dfe2  __mspabi_func_epilog_3     
0000dfe4  __mspabi_func_epilog_2     
0000dfe6  __mspabi_func_epilog_1     
0000dfea  ConfigureClockModule       
0000dff8  InitializePushButtonPortPin
0000e006  InitializeLEDDisplay       
0000e012  __mspabi_fltid             
0000e01e  ADC10_ISR                  
0000e026  __TI_ISR_TRAP              
0000e02e  TimerA0_routine            
0000e034  C$$EXIT                    
0000e034  abort                      
0000e03a  _system_pre_init           
0000e03e  _system_post_cinit         
0000e040  cordic_ctab_degrees        
0000e088  __TI_Handler_Table_Base    
0000e08e  __TI_Handler_Table_Limit   
0000e092  __TI_CINIT_Base            
0000e09a  __TI_CINIT_Limit           
0000ffe0  __TI_int00                 
0000ffe4  __TI_int02                 
0000ffe6  __TI_int03                 
0000ffea  __TI_int05                 
0000ffec  __TI_int06                 
0000ffee  __TI_int07                 
0000fff0  __TI_int08                 
0000fff2  __TI_int09                 
0000fff4  __TI_int10                 
0000fff6  __TI_int11                 
0000fff8  __TI_int12                 
0000fffa  __TI_int13                 
0000fffc  __TI_int14                 
0000fffe  _reset_vector              
ffffffff  __TI_pprof_out_hndl        
ffffffff  __TI_prof_data_size        
ffffffff  __TI_prof_data_start       
ffffffff  __c_args__                 
UNDEFED   __TI_BINIT_Base            
UNDEFED   __TI_BINIT_Limit           
UNDEFED   __TI_INITARRAY_Base        
UNDEFED   __TI_INITARRAY_Limit       

[330 symbols]
