<?xml version="1.0"?>
<link_info>
   <banner>MSP430 Linker PC v16.9.4.LTS</banner>
   <copyright>Copyright (c) 2003-2017 Texas Instruments Incorporated</copyright>
   <link_time>0x5a1de975</link_time>
   <link_errors>0x0</link_errors>
   <output_file>project11.out</output_file>
   <entry_point>
      <name>_c_int00_noargs_noexit</name>
      <address>0xdf02</address>
   </entry_point>
   <input_file_list>
      <input_file id="fl-2">
         <path>.\</path>
         <kind>object</kind>
         <file>LED_display.obj</file>
         <name>LED_display.obj</name>
      </input_file>
      <input_file id="fl-3">
         <path>.\</path>
         <kind>object</kind>
         <file>cordic.obj</file>
         <name>cordic.obj</name>
      </input_file>
      <input_file id="fl-4">
         <path>.\</path>
         <kind>object</kind>
         <file>debounce.obj</file>
         <name>debounce.obj</name>
      </input_file>
      <input_file id="fl-5">
         <path>.\</path>
         <kind>object</kind>
         <file>main.obj</file>
         <name>main.obj</name>
      </input_file>
      <input_file id="fl-6">
         <path>.\</path>
         <kind>object</kind>
         <file>pushbutton.obj</file>
         <name>pushbutton.obj</name>
      </input_file>
      <input_file id="fl-7">
         <path>.\</path>
         <kind>object</kind>
         <file>spi.obj</file>
         <name>spi.obj</name>
      </input_file>
      <input_file id="fl-8">
         <path>.\</path>
         <kind>object</kind>
         <file>timerA.obj</file>
         <name>timerA.obj</name>
      </input_file>
      <input_file id="fl-d">
         <kind>object</kind>
         <file>&lt;internal&gt;</file>
         <name>&lt;internal&gt;</name>
      </input_file>
      <input_file id="fl-23">
         <path>C:\ti\ccsv7\tools\compiler\ti-cgt-msp430_16.9.4.LTS\lib\</path>
         <kind>archive</kind>
         <file>rts430_eabi.lib</file>
         <name>asr32.obj</name>
      </input_file>
      <input_file id="fl-24">
         <path>C:\ti\ccsv7\tools\compiler\ti-cgt-msp430_16.9.4.LTS\lib\</path>
         <kind>archive</kind>
         <file>rts430_eabi.lib</file>
         <name>boot.obj</name>
      </input_file>
      <input_file id="fl-25">
         <path>C:\ti\ccsv7\tools\compiler\ti-cgt-msp430_16.9.4.LTS\lib\</path>
         <kind>archive</kind>
         <file>rts430_eabi.lib</file>
         <name>boot_special.obj</name>
      </input_file>
      <input_file id="fl-26">
         <path>C:\ti\ccsv7\tools\compiler\ti-cgt-msp430_16.9.4.LTS\lib\</path>
         <kind>archive</kind>
         <file>rts430_eabi.lib</file>
         <name>copy_decompress_lzss.obj</name>
      </input_file>
      <input_file id="fl-27">
         <path>C:\ti\ccsv7\tools\compiler\ti-cgt-msp430_16.9.4.LTS\lib\</path>
         <kind>archive</kind>
         <file>rts430_eabi.lib</file>
         <name>copy_decompress_none.obj</name>
      </input_file>
      <input_file id="fl-28">
         <path>C:\ti\ccsv7\tools\compiler\ti-cgt-msp430_16.9.4.LTS\lib\</path>
         <kind>archive</kind>
         <file>rts430_eabi.lib</file>
         <name>copy_zero_init.obj</name>
      </input_file>
      <input_file id="fl-29">
         <path>C:\ti\ccsv7\tools\compiler\ti-cgt-msp430_16.9.4.LTS\lib\</path>
         <kind>archive</kind>
         <file>rts430_eabi.lib</file>
         <name>cvtdf.obj</name>
      </input_file>
      <input_file id="fl-2a">
         <path>C:\ti\ccsv7\tools\compiler\ti-cgt-msp430_16.9.4.LTS\lib\</path>
         <kind>archive</kind>
         <file>rts430_eabi.lib</file>
         <name>div16s.obj</name>
      </input_file>
      <input_file id="fl-2b">
         <path>C:\ti\ccsv7\tools\compiler\ti-cgt-msp430_16.9.4.LTS\lib\</path>
         <kind>archive</kind>
         <file>rts430_eabi.lib</file>
         <name>div16u.obj</name>
      </input_file>
      <input_file id="fl-2c">
         <path>C:\ti\ccsv7\tools\compiler\ti-cgt-msp430_16.9.4.LTS\lib\</path>
         <kind>archive</kind>
         <file>rts430_eabi.lib</file>
         <name>e_sqrt.obj</name>
      </input_file>
      <input_file id="fl-2d">
         <path>C:\ti\ccsv7\tools\compiler\ti-cgt-msp430_16.9.4.LTS\lib\</path>
         <kind>archive</kind>
         <file>rts430_eabi.lib</file>
         <name>epilog.obj</name>
      </input_file>
      <input_file id="fl-2e">
         <path>C:\ti\ccsv7\tools\compiler\ti-cgt-msp430_16.9.4.LTS\lib\</path>
         <kind>archive</kind>
         <file>rts430_eabi.lib</file>
         <name>errno.obj</name>
      </input_file>
      <input_file id="fl-2f">
         <path>C:\ti\ccsv7\tools\compiler\ti-cgt-msp430_16.9.4.LTS\lib\</path>
         <kind>archive</kind>
         <file>rts430_eabi.lib</file>
         <name>exit.obj</name>
      </input_file>
      <input_file id="fl-30">
         <path>C:\ti\ccsv7\tools\compiler\ti-cgt-msp430_16.9.4.LTS\lib\</path>
         <kind>archive</kind>
         <file>rts430_eabi.lib</file>
         <name>exit_gvars.obj</name>
      </input_file>
      <input_file id="fl-31">
         <path>C:\ti\ccsv7\tools\compiler\ti-cgt-msp430_16.9.4.LTS\lib\</path>
         <kind>archive</kind>
         <file>rts430_eabi.lib</file>
         <name>fixdi.obj</name>
      </input_file>
      <input_file id="fl-32">
         <path>C:\ti\ccsv7\tools\compiler\ti-cgt-msp430_16.9.4.LTS\lib\</path>
         <kind>archive</kind>
         <file>rts430_eabi.lib</file>
         <name>fixdli.obj</name>
      </input_file>
      <input_file id="fl-33">
         <path>C:\ti\ccsv7\tools\compiler\ti-cgt-msp430_16.9.4.LTS\lib\</path>
         <kind>archive</kind>
         <file>rts430_eabi.lib</file>
         <name>fltid.obj</name>
      </input_file>
      <input_file id="fl-34">
         <path>C:\ti\ccsv7\tools\compiler\ti-cgt-msp430_16.9.4.LTS\lib\</path>
         <kind>archive</kind>
         <file>rts430_eabi.lib</file>
         <name>fltlid.obj</name>
      </input_file>
      <input_file id="fl-35">
         <path>C:\ti\ccsv7\tools\compiler\ti-cgt-msp430_16.9.4.LTS\lib\</path>
         <kind>archive</kind>
         <file>rts430_eabi.lib</file>
         <name>fs_add.obj</name>
      </input_file>
      <input_file id="fl-36">
         <path>C:\ti\ccsv7\tools\compiler\ti-cgt-msp430_16.9.4.LTS\lib\</path>
         <kind>archive</kind>
         <file>rts430_eabi.lib</file>
         <name>fs_itof.obj</name>
      </input_file>
      <input_file id="fl-37">
         <path>C:\ti\ccsv7\tools\compiler\ti-cgt-msp430_16.9.4.LTS\lib\</path>
         <kind>archive</kind>
         <file>rts430_eabi.lib</file>
         <name>fs_ltof.obj</name>
      </input_file>
      <input_file id="fl-38">
         <path>C:\ti\ccsv7\tools\compiler\ti-cgt-msp430_16.9.4.LTS\lib\</path>
         <kind>archive</kind>
         <file>rts430_eabi.lib</file>
         <name>fs_mpy.obj</name>
      </input_file>
      <input_file id="fl-39">
         <path>C:\ti\ccsv7\tools\compiler\ti-cgt-msp430_16.9.4.LTS\lib\</path>
         <kind>archive</kind>
         <file>rts430_eabi.lib</file>
         <name>fs_toi.obj</name>
      </input_file>
      <input_file id="fl-3a">
         <path>C:\ti\ccsv7\tools\compiler\ti-cgt-msp430_16.9.4.LTS\lib\</path>
         <kind>archive</kind>
         <file>rts430_eabi.lib</file>
         <name>int00.obj</name>
      </input_file>
      <input_file id="fl-3b">
         <path>C:\ti\ccsv7\tools\compiler\ti-cgt-msp430_16.9.4.LTS\lib\</path>
         <kind>archive</kind>
         <file>rts430_eabi.lib</file>
         <name>int02.obj</name>
      </input_file>
      <input_file id="fl-3c">
         <path>C:\ti\ccsv7\tools\compiler\ti-cgt-msp430_16.9.4.LTS\lib\</path>
         <kind>archive</kind>
         <file>rts430_eabi.lib</file>
         <name>int03.obj</name>
      </input_file>
      <input_file id="fl-3d">
         <path>C:\ti\ccsv7\tools\compiler\ti-cgt-msp430_16.9.4.LTS\lib\</path>
         <kind>archive</kind>
         <file>rts430_eabi.lib</file>
         <name>int06.obj</name>
      </input_file>
      <input_file id="fl-3e">
         <path>C:\ti\ccsv7\tools\compiler\ti-cgt-msp430_16.9.4.LTS\lib\</path>
         <kind>archive</kind>
         <file>rts430_eabi.lib</file>
         <name>int07.obj</name>
      </input_file>
      <input_file id="fl-3f">
         <path>C:\ti\ccsv7\tools\compiler\ti-cgt-msp430_16.9.4.LTS\lib\</path>
         <kind>archive</kind>
         <file>rts430_eabi.lib</file>
         <name>int08.obj</name>
      </input_file>
      <input_file id="fl-40">
         <path>C:\ti\ccsv7\tools\compiler\ti-cgt-msp430_16.9.4.LTS\lib\</path>
         <kind>archive</kind>
         <file>rts430_eabi.lib</file>
         <name>int10.obj</name>
      </input_file>
      <input_file id="fl-41">
         <path>C:\ti\ccsv7\tools\compiler\ti-cgt-msp430_16.9.4.LTS\lib\</path>
         <kind>archive</kind>
         <file>rts430_eabi.lib</file>
         <name>int11.obj</name>
      </input_file>
      <input_file id="fl-42">
         <path>C:\ti\ccsv7\tools\compiler\ti-cgt-msp430_16.9.4.LTS\lib\</path>
         <kind>archive</kind>
         <file>rts430_eabi.lib</file>
         <name>int12.obj</name>
      </input_file>
      <input_file id="fl-43">
         <path>C:\ti\ccsv7\tools\compiler\ti-cgt-msp430_16.9.4.LTS\lib\</path>
         <kind>archive</kind>
         <file>rts430_eabi.lib</file>
         <name>int13.obj</name>
      </input_file>
      <input_file id="fl-44">
         <path>C:\ti\ccsv7\tools\compiler\ti-cgt-msp430_16.9.4.LTS\lib\</path>
         <kind>archive</kind>
         <file>rts430_eabi.lib</file>
         <name>int14.obj</name>
      </input_file>
      <input_file id="fl-45">
         <path>C:\ti\ccsv7\tools\compiler\ti-cgt-msp430_16.9.4.LTS\lib\</path>
         <kind>archive</kind>
         <file>rts430_eabi.lib</file>
         <name>isr_trap.obj</name>
      </input_file>
      <input_file id="fl-46">
         <path>C:\ti\ccsv7\tools\compiler\ti-cgt-msp430_16.9.4.LTS\lib\</path>
         <kind>archive</kind>
         <file>rts430_eabi.lib</file>
         <name>lsl16.obj</name>
      </input_file>
      <input_file id="fl-47">
         <path>C:\ti\ccsv7\tools\compiler\ti-cgt-msp430_16.9.4.LTS\lib\</path>
         <kind>archive</kind>
         <file>rts430_eabi.lib</file>
         <name>lsl32.obj</name>
      </input_file>
      <input_file id="fl-48">
         <path>C:\ti\ccsv7\tools\compiler\ti-cgt-msp430_16.9.4.LTS\lib\</path>
         <kind>archive</kind>
         <file>rts430_eabi.lib</file>
         <name>lsr16.obj</name>
      </input_file>
      <input_file id="fl-49">
         <path>C:\ti\ccsv7\tools\compiler\ti-cgt-msp430_16.9.4.LTS\lib\</path>
         <kind>archive</kind>
         <file>rts430_eabi.lib</file>
         <name>lsr32.obj</name>
      </input_file>
      <input_file id="fl-4a">
         <path>C:\ti\ccsv7\tools\compiler\ti-cgt-msp430_16.9.4.LTS\lib\</path>
         <kind>archive</kind>
         <file>rts430_eabi.lib</file>
         <name>lsr64.obj</name>
      </input_file>
      <input_file id="fl-4b">
         <path>C:\ti\ccsv7\tools\compiler\ti-cgt-msp430_16.9.4.LTS\lib\</path>
         <kind>archive</kind>
         <file>rts430_eabi.lib</file>
         <name>memcpy.obj</name>
      </input_file>
      <input_file id="fl-4c">
         <path>C:\ti\ccsv7\tools\compiler\ti-cgt-msp430_16.9.4.LTS\lib\</path>
         <kind>archive</kind>
         <file>rts430_eabi.lib</file>
         <name>mpu_init.obj</name>
      </input_file>
      <input_file id="fl-4d">
         <path>C:\ti\ccsv7\tools\compiler\ti-cgt-msp430_16.9.4.LTS\lib\</path>
         <kind>archive</kind>
         <file>rts430_eabi.lib</file>
         <name>mpyd.obj</name>
      </input_file>
      <input_file id="fl-4e">
         <path>C:\ti\ccsv7\tools\compiler\ti-cgt-msp430_16.9.4.LTS\lib\</path>
         <kind>archive</kind>
         <file>rts430_eabi.lib</file>
         <name>pre_init.obj</name>
      </input_file>
      <input_file id="fl-4f">
         <path>C:\ti\ccsv7\tools\compiler\ti-cgt-msp430_16.9.4.LTS\lib\</path>
         <kind>archive</kind>
         <file>rts430_eabi.lib</file>
         <name>_lock.obj</name>
      </input_file>
      <input_file id="fl-50">
         <path>C:\ti\ccsv7\tools\compiler\ti-cgt-msp430_16.9.4.LTS\lib\</path>
         <kind>archive</kind>
         <file>rts430_eabi.lib</file>
         <name>addd.obj</name>
      </input_file>
      <input_file id="fl-51">
         <path>C:\ti\ccsv7\tools\compiler\ti-cgt-msp430_16.9.4.LTS\lib\</path>
         <kind>archive</kind>
         <file>rts430_eabi.lib</file>
         <name>args_main.obj</name>
      </input_file>
      <input_file id="fl-52">
         <path>C:\ti\ccsv7\tools\compiler\ti-cgt-msp430_16.9.4.LTS\lib\</path>
         <kind>archive</kind>
         <file>rts430_eabi.lib</file>
         <name>asr16.obj</name>
      </input_file>
      <input_file id="fl-53">
         <path>C:\ti\ccsv7\tools\compiler\ti-cgt-msp430_16.9.4.LTS\lib\</path>
         <kind>archive</kind>
         <file>rts430_eabi.lib</file>
         <name>autoinit.obj</name>
      </input_file>
      <input_file id="fl-54">
         <path>C:\ti\ccsv7\tools\compiler\ti-cgt-msp430_16.9.4.LTS\lib\</path>
         <kind>archive</kind>
         <file>rts430_eabi.lib</file>
         <name>cpy_tbl.obj</name>
      </input_file>
      <input_file id="fl-55">
         <path>C:\ti\ccsv7\tools\compiler\ti-cgt-msp430_16.9.4.LTS\lib\</path>
         <kind>archive</kind>
         <file>rts430_eabi.lib</file>
         <name>frcaddd.obj</name>
      </input_file>
      <input_file id="fl-56">
         <path>C:\ti\ccsv7\tools\compiler\ti-cgt-msp430_16.9.4.LTS\lib\</path>
         <kind>archive</kind>
         <file>rts430_eabi.lib</file>
         <name>frcmpyd.obj</name>
      </input_file>
      <input_file id="fl-57">
         <path>C:\ti\ccsv7\tools\compiler\ti-cgt-msp430_16.9.4.LTS\lib\</path>
         <kind>archive</kind>
         <file>rts430_eabi.lib</file>
         <name>mult16.obj</name>
      </input_file>
      <input_file id="fl-58">
         <path>C:\ti\ccsv7\tools\compiler\ti-cgt-msp430_16.9.4.LTS\lib\</path>
         <kind>archive</kind>
         <file>rts430_eabi.lib</file>
         <name>mult32.obj</name>
      </input_file>
      <input_file id="fl-59">
         <path>C:\ti\ccsv7\tools\compiler\ti-cgt-msp430_16.9.4.LTS\lib\</path>
         <kind>archive</kind>
         <file>rts430_eabi.lib</file>
         <name>renormd.obj</name>
      </input_file>
      <input_file id="fl-5a">
         <path>C:\ti\ccsv7\tools\compiler\ti-cgt-msp430_16.9.4.LTS\lib\</path>
         <kind>archive</kind>
         <file>rts430_eabi.lib</file>
         <name>startup.obj</name>
      </input_file>
   </input_file_list>
   <object_component_list>
      <object_component id="oc-261">
         <name>.common:calcs</name>
         <uninitialized>true</uninitialized>
         <run_address>0x260</run_address>
         <size>0xc</size>
      </object_component>
      <object_component id="oc-27c">
         <name>.common:angle</name>
         <uninitialized>true</uninitialized>
         <run_address>0x27a</run_address>
         <size>0x2</size>
      </object_component>
      <object_component id="oc-2a5">
         <name>.common:hypotenuse</name>
         <uninitialized>true</uninitialized>
         <run_address>0x280</run_address>
         <size>0x2</size>
      </object_component>
      <object_component id="oc-183">
         <name>.common:g1msTimeout</name>
         <uninitialized>true</uninitialized>
         <run_address>0x27c</run_address>
         <size>0x2</size>
      </object_component>
      <object_component id="oc-2a7">
         <name>.common:g1msTimer</name>
         <uninitialized>true</uninitialized>
         <run_address>0x27e</run_address>
         <size>0x2</size>
      </object_component>
      <object_component id="oc-2a9">
         <name>.common:mainTimer</name>
         <uninitialized>true</uninitialized>
         <run_address>0x284</run_address>
         <size>0x2</size>
      </object_component>
      <object_component id="oc-2aa">
         <name>.common:sideTimer</name>
         <uninitialized>true</uninitialized>
         <run_address>0x288</run_address>
         <size>0x2</size>
      </object_component>
      <object_component id="oc-2a8">
         <name>.common:updateTimer</name>
         <uninitialized>true</uninitialized>
         <run_address>0x28a</run_address>
         <size>0x2</size>
      </object_component>
      <object_component id="oc-2ab">
         <name>.common:resetTimer</name>
         <uninitialized>true</uninitialized>
         <run_address>0x286</run_address>
         <size>0x2</size>
      </object_component>
      <object_component id="oc-24f">
         <name>.common:mainLED</name>
         <uninitialized>true</uninitialized>
         <run_address>0x28c</run_address>
         <size>0x1</size>
      </object_component>
      <object_component id="oc-250">
         <name>.common:sideLED</name>
         <uninitialized>true</uninitialized>
         <run_address>0x28d</run_address>
         <size>0x1</size>
      </object_component>
      <object_component id="oc-251">
         <name>.common:mainDuty</name>
         <uninitialized>true</uninitialized>
         <run_address>0x282</run_address>
         <size>0x2</size>
      </object_component>
      <object_component id="oc-24d">
         <name>.common:PushButtonStatus</name>
         <uninitialized>true</uninitialized>
         <run_address>0x278</run_address>
         <size>0x2</size>
      </object_component>
      <object_component id="oc-24e">
         <name>.common:LastPushButtonStatus</name>
         <uninitialized>true</uninitialized>
         <run_address>0x276</run_address>
         <size>0x2</size>
      </object_component>
      <object_component id="oc-1d0">
         <name>.common:PushButton</name>
         <uninitialized>true</uninitialized>
         <run_address>0x26c</run_address>
         <size>0xa</size>
      </object_component>
      <object_component id="oc-253">
         <name>.data:adc</name>
         <load_address>0x258</load_address>
         <run_address>0x258</run_address>
         <size>0x6</size>
         <input_file_ref idref="fl-5"/>
      </object_component>
      <object_component id="oc-244">
         <name>.data</name>
         <load_address>0x200</load_address>
         <run_address>0x200</run_address>
         <size>0x28</size>
         <input_file_ref idref="fl-5"/>
      </object_component>
      <object_component id="oc-257">
         <name>.data:x_buffer</name>
         <load_address>0x228</load_address>
         <run_address>0x228</run_address>
         <size>0x10</size>
         <input_file_ref idref="fl-5"/>
      </object_component>
      <object_component id="oc-25a">
         <name>.data:y_buffer</name>
         <load_address>0x238</load_address>
         <run_address>0x238</run_address>
         <size>0x10</size>
         <input_file_ref idref="fl-5"/>
      </object_component>
      <object_component id="oc-25d">
         <name>.data:z_buffer</name>
         <load_address>0x248</load_address>
         <run_address>0x248</run_address>
         <size>0x10</size>
         <input_file_ref idref="fl-5"/>
      </object_component>
      <object_component id="oc-2f5">
         <name>.data</name>
         <load_address>0x25e</load_address>
         <run_address>0x25e</run_address>
         <size>0x2</size>
         <input_file_ref idref="fl-2e"/>
      </object_component>
      <object_component id="oc-f1">
         <name>.stack</name>
         <uninitialized>true</uninitialized>
         <run_address>0x3b0</run_address>
         <size>0x2</size>
         <input_file_ref idref="fl-24"/>
      </object_component>
      <object_component id="oc-3b3">
         <name>.stack</name>
         <uninitialized>true</uninitialized>
         <run_address>0x3b0</run_address>
         <size>0x0</size>
      </object_component>
      <object_component id="oc-287">
         <name>.text:sqrt</name>
         <load_address>0xc000</load_address>
         <run_address>0xc000</run_address>
         <size>0x2f8</size>
         <input_file_ref idref="fl-2c"/>
      </object_component>
      <object_component id="oc-2ef">
         <name>.text:__mspabi_addd</name>
         <load_address>0xc2f8</load_address>
         <run_address>0xc2f8</run_address>
         <size>0x2e8</size>
         <input_file_ref idref="fl-50"/>
      </object_component>
      <object_component id="oc-313">
         <name>.text:__TI_frcmpyd</name>
         <load_address>0xc5e0</load_address>
         <run_address>0xc5e0</run_address>
         <size>0x286</size>
         <input_file_ref idref="fl-56"/>
      </object_component>
      <object_component id="oc-28d">
         <name>.text:__mspabi_mpyd</name>
         <load_address>0xc866</load_address>
         <run_address>0xc866</run_address>
         <size>0x26e</size>
         <input_file_ref idref="fl-4d"/>
      </object_component>
      <object_component id="oc-33e">
         <name>.text:__TI_frcaddd</name>
         <load_address>0xcad4</load_address>
         <run_address>0xcad4</run_address>
         <size>0x260</size>
         <input_file_ref idref="fl-55"/>
      </object_component>
      <object_component id="oc-1e9">
         <name>.text:calculateAngle</name>
         <load_address>0xcd34</load_address>
         <run_address>0xcd34</run_address>
         <size>0x1f6</size>
         <input_file_ref idref="fl-5"/>
      </object_component>
      <object_component id="oc-262">
         <name>.text:Cordic</name>
         <load_address>0xcf2a</load_address>
         <run_address>0xcf2a</run_address>
         <size>0x1ac</size>
         <input_file_ref idref="fl-3"/>
      </object_component>
      <object_component id="oc-1d7">
         <name>.text:CalibrateACC</name>
         <load_address>0xd0d6</load_address>
         <run_address>0xd0d6</run_address>
         <size>0x13e</size>
         <input_file_ref idref="fl-5"/>
      </object_component>
      <object_component id="oc-2b1">
         <name>.text:updateDisplay</name>
         <load_address>0xd214</load_address>
         <run_address>0xd214</run_address>
         <size>0x138</size>
         <input_file_ref idref="fl-5"/>
      </object_component>
      <object_component id="oc-272">
         <name>.text</name>
         <load_address>0xd34c</load_address>
         <run_address>0xd34c</run_address>
         <size>0x132</size>
         <input_file_ref idref="fl-35"/>
      </object_component>
      <object_component id="oc-247">
         <name>.text:Debouncer</name>
         <load_address>0xd47e</load_address>
         <run_address>0xd47e</run_address>
         <size>0xea</size>
         <input_file_ref idref="fl-4"/>
      </object_component>
      <object_component id="oc-282">
         <name>.text</name>
         <load_address>0xd568</load_address>
         <run_address>0xd568</run_address>
         <size>0xc4</size>
         <input_file_ref idref="fl-38"/>
      </object_component>
      <object_component id="oc-362">
         <name>.text:__TI_renormd</name>
         <load_address>0xd62c</load_address>
         <run_address>0xd62c</run_address>
         <size>0xbe</size>
         <input_file_ref idref="fl-59"/>
      </object_component>
      <object_component id="oc-327">
         <name>.text:__mspabi_fltlid</name>
         <load_address>0xd6ea</load_address>
         <run_address>0xd6ea</run_address>
         <size>0xac</size>
         <input_file_ref idref="fl-34"/>
      </object_component>
      <object_component id="oc-1e3">
         <name>.text:averageFilter</name>
         <load_address>0xd796</load_address>
         <run_address>0xd796</run_address>
         <size>0xac</size>
         <input_file_ref idref="fl-5"/>
      </object_component>
      <object_component id="oc-293">
         <name>.text:__mspabi_cvtdf</name>
         <load_address>0xd842</load_address>
         <run_address>0xd842</run_address>
         <size>0x8c</size>
         <input_file_ref idref="fl-29"/>
      </object_component>
      <object_component id="oc-1ef">
         <name>.text:ManageSoftwareTimers</name>
         <load_address>0xd8ce</load_address>
         <run_address>0xd8ce</run_address>
         <size>0x82</size>
         <input_file_ref idref="fl-5"/>
      </object_component>
      <object_component id="oc-34">
         <name>.text:decompress:lzss:__TI_decompress_lzss</name>
         <load_address>0xd950</load_address>
         <run_address>0xd950</run_address>
         <size>0x7c</size>
         <input_file_ref idref="fl-26"/>
      </object_component>
      <object_component id="oc-32e">
         <name>.text:__mspabi_fixdli</name>
         <load_address>0xd9cc</load_address>
         <run_address>0xd9cc</run_address>
         <size>0x72</size>
         <input_file_ref idref="fl-32"/>
      </object_component>
      <object_component id="oc-13a">
         <name>.text:_auto_init</name>
         <load_address>0xda3e</load_address>
         <run_address>0xda3e</run_address>
         <size>0x6e</size>
         <input_file_ref idref="fl-53"/>
      </object_component>
      <object_component id="oc-277">
         <name>.text</name>
         <load_address>0xdaac</load_address>
         <run_address>0xdaac</run_address>
         <size>0x68</size>
         <input_file_ref idref="fl-39"/>
      </object_component>
      <object_component id="oc-2fd">
         <name>.text:l_lsr_const</name>
         <load_address>0xdb14</load_address>
         <run_address>0xdb14</run_address>
         <size>0x5c</size>
         <input_file_ref idref="fl-49"/>
      </object_component>
      <object_component id="oc-18a">
         <name>.text:copy_in</name>
         <load_address>0xdb70</load_address>
         <run_address>0xdb70</run_address>
         <size>0x5a</size>
         <input_file_ref idref="fl-54"/>
      </object_component>
      <object_component id="oc-154">
         <name>.text:main</name>
         <load_address>0xdbca</load_address>
         <run_address>0xdbca</run_address>
         <size>0x50</size>
         <input_file_ref idref="fl-5"/>
      </object_component>
      <object_component id="oc-fa">
         <name>.text</name>
         <load_address>0xdc1a</load_address>
         <run_address>0xdc1a</run_address>
         <size>0x4c</size>
         <input_file_ref idref="fl-48"/>
      </object_component>
      <object_component id="oc-27d">
         <name>.text</name>
         <load_address>0xdc66</load_address>
         <run_address>0xdc66</run_address>
         <size>0x4a</size>
         <input_file_ref idref="fl-37"/>
      </object_component>
      <object_component id="oc-353">
         <name>.text:l_asr_const</name>
         <load_address>0xdcb0</load_address>
         <run_address>0xdcb0</run_address>
         <size>0x3e</size>
         <input_file_ref idref="fl-23"/>
      </object_component>
      <object_component id="oc-320">
         <name>.text:l_lsl_const</name>
         <load_address>0xdcee</load_address>
         <run_address>0xdcee</run_address>
         <size>0x3e</size>
         <input_file_ref idref="fl-47"/>
      </object_component>
      <object_component id="oc-26d">
         <name>.text</name>
         <load_address>0xdd2c</load_address>
         <run_address>0xdd2c</run_address>
         <size>0x36</size>
         <input_file_ref idref="fl-36"/>
      </object_component>
      <object_component id="oc-2c7">
         <name>.text:SPISendByte</name>
         <load_address>0xdd62</load_address>
         <run_address>0xdd62</run_address>
         <size>0x30</size>
         <input_file_ref idref="fl-7"/>
      </object_component>
      <object_component id="oc-1dd">
         <name>.text:readADC</name>
         <load_address>0xdd92</load_address>
         <run_address>0xdd92</run_address>
         <size>0x2e</size>
         <input_file_ref idref="fl-5"/>
      </object_component>
      <object_component id="oc-2f8">
         <name>.text</name>
         <load_address>0xddc0</load_address>
         <run_address>0xddc0</run_address>
         <size>0x2c</size>
         <input_file_ref idref="fl-52"/>
      </object_component>
      <object_component id="oc-268">
         <name>.text</name>
         <load_address>0xddec</load_address>
         <run_address>0xddec</run_address>
         <size>0x2c</size>
         <input_file_ref idref="fl-2a"/>
      </object_component>
      <object_component id="oc-f5">
         <name>.text</name>
         <load_address>0xde18</load_address>
         <run_address>0xde18</run_address>
         <size>0x2c</size>
         <input_file_ref idref="fl-46"/>
      </object_component>
      <object_component id="oc-29f">
         <name>.text:__mspabi_fixdi</name>
         <load_address>0xde44</load_address>
         <run_address>0xde44</run_address>
         <size>0x28</size>
         <input_file_ref idref="fl-31"/>
      </object_component>
      <object_component id="oc-34e">
         <name>.text</name>
         <load_address>0xde6c</load_address>
         <run_address>0xde6c</run_address>
         <size>0x26</size>
         <input_file_ref idref="fl-58"/>
      </object_component>
      <object_component id="oc-1c4">
         <name>.text:ConfigureTimerA</name>
         <load_address>0xde92</load_address>
         <run_address>0xde92</run_address>
         <size>0x1e</size>
         <input_file_ref idref="fl-8"/>
      </object_component>
      <object_component id="oc-1d1">
         <name>.text:InitializeSwitch</name>
         <load_address>0xdeb0</load_address>
         <run_address>0xdeb0</run_address>
         <size>0x1e</size>
         <input_file_ref idref="fl-4"/>
      </object_component>
      <object_component id="oc-1be">
         <name>.text:InitializeADC</name>
         <load_address>0xdece</load_address>
         <run_address>0xdece</run_address>
         <size>0x1a</size>
         <input_file_ref idref="fl-5"/>
      </object_component>
      <object_component id="oc-23e">
         <name>.text:SetLEDDisplay</name>
         <load_address>0xdee8</load_address>
         <run_address>0xdee8</run_address>
         <size>0x1a</size>
         <input_file_ref idref="fl-2"/>
      </object_component>
      <object_component id="oc-6b">
         <name>.text:_c_int00_noargs_noexit</name>
         <load_address>0xdf02</load_address>
         <run_address>0xdf02</run_address>
         <size>0x1a</size>
         <input_file_ref idref="fl-25"/>
      </object_component>
      <object_component id="oc-2d0">
         <name>.text:GetSwitch</name>
         <load_address>0xdf1c</load_address>
         <run_address>0xdf1c</run_address>
         <size>0x16</size>
         <input_file_ref idref="fl-4"/>
      </object_component>
      <object_component id="oc-2ac">
         <name>.text</name>
         <load_address>0xdf32</load_address>
         <run_address>0xdf32</run_address>
         <size>0x16</size>
         <input_file_ref idref="fl-2b"/>
      </object_component>
      <object_component id="oc-1b2">
         <name>.text:InitializeSPI</name>
         <load_address>0xdf48</load_address>
         <run_address>0xdf48</run_address>
         <size>0x14</size>
         <input_file_ref idref="fl-7"/>
      </object_component>
      <object_component id="oc-4d">
         <name>.text:decompress:ZI:__TI_zero_init</name>
         <load_address>0xdf5c</load_address>
         <run_address>0xdf5c</run_address>
         <size>0x14</size>
         <input_file_ref idref="fl-28"/>
      </object_component>
      <object_component id="oc-207">
         <name>.text</name>
         <load_address>0xdf70</load_address>
         <run_address>0xdf70</run_address>
         <size>0x14</size>
         <input_file_ref idref="fl-57"/>
      </object_component>
      <object_component id="oc-3a">
         <name>.text:decompress:none:__TI_decompress_none</name>
         <load_address>0xdf84</load_address>
         <run_address>0xdf84</run_address>
         <size>0x12</size>
         <input_file_ref idref="fl-27"/>
      </object_component>
      <object_component id="oc-302">
         <name>.text:l_lsr</name>
         <load_address>0xdf96</load_address>
         <run_address>0xdf96</run_address>
         <size>0x12</size>
         <input_file_ref idref="fl-49"/>
      </object_component>
      <object_component id="oc-10f">
         <name>.text:memcpy</name>
         <load_address>0xdfa8</load_address>
         <run_address>0xdfa8</run_address>
         <size>0x12</size>
         <input_file_ref idref="fl-4b"/>
      </object_component>
      <object_component id="oc-2e2">
         <name>.text:l_asr</name>
         <load_address>0xdfba</load_address>
         <run_address>0xdfba</run_address>
         <size>0x10</size>
         <input_file_ref idref="fl-23"/>
      </object_component>
      <object_component id="oc-307">
         <name>.text:l_lsl</name>
         <load_address>0xdfca</load_address>
         <run_address>0xdfca</run_address>
         <size>0x10</size>
         <input_file_ref idref="fl-47"/>
      </object_component>
      <object_component id="oc-ff">
         <name>.text</name>
         <load_address>0xdfda</load_address>
         <run_address>0xdfda</run_address>
         <size>0x10</size>
         <input_file_ref idref="fl-2d"/>
      </object_component>
      <object_component id="oc-1ac">
         <name>.text:ConfigureClockModule</name>
         <load_address>0xdfea</load_address>
         <run_address>0xdfea</run_address>
         <size>0xe</size>
         <input_file_ref idref="fl-5"/>
      </object_component>
      <object_component id="oc-1ca">
         <name>.text:InitializePushButtonPortPin</name>
         <load_address>0xdff8</load_address>
         <run_address>0xdff8</run_address>
         <size>0xe</size>
         <input_file_ref idref="fl-6"/>
      </object_component>
      <object_component id="oc-1b8">
         <name>.text:InitializeLEDDisplay</name>
         <load_address>0xe006</load_address>
         <run_address>0xe006</run_address>
         <size>0xc</size>
         <input_file_ref idref="fl-2"/>
      </object_component>
      <object_component id="oc-299">
         <name>.text:__mspabi_fltid</name>
         <load_address>0xe012</load_address>
         <run_address>0xe012</run_address>
         <size>0xc</size>
         <input_file_ref idref="fl-33"/>
      </object_component>
      <object_component id="oc-121">
         <name>.text:ADC10_ISR</name>
         <load_address>0xe01e</load_address>
         <run_address>0xe01e</run_address>
         <size>0x8</size>
         <input_file_ref idref="fl-5"/>
      </object_component>
      <object_component id="oc-11c">
         <name>.text:_isr:__TI_ISR_TRAP</name>
         <load_address>0xe026</load_address>
         <run_address>0xe026</run_address>
         <size>0x8</size>
         <input_file_ref idref="fl-45"/>
      </object_component>
      <object_component id="oc-127">
         <name>.text:TimerA0_routine</name>
         <load_address>0xe02e</load_address>
         <run_address>0xe02e</run_address>
         <size>0x6</size>
         <input_file_ref idref="fl-8"/>
      </object_component>
      <object_component id="oc-15c">
         <name>.text:abort</name>
         <load_address>0xe034</load_address>
         <run_address>0xe034</run_address>
         <size>0x6</size>
         <input_file_ref idref="fl-2f"/>
      </object_component>
      <object_component id="oc-134">
         <name>.text:_system_pre_init</name>
         <load_address>0xe03a</load_address>
         <run_address>0xe03a</run_address>
         <size>0x4</size>
         <input_file_ref idref="fl-4e"/>
      </object_component>
      <object_component id="oc-190">
         <name>.text:_system_post_cinit</name>
         <load_address>0xe03e</load_address>
         <run_address>0xe03e</run_address>
         <size>0x2</size>
         <input_file_ref idref="fl-5a"/>
      </object_component>
      <object_component id="oc-3b2">
         <name>.cinit..data.load</name>
         <load_address>0xe080</load_address>
         <run_address>0xe080</run_address>
         <size>0x8</size>
      </object_component>
      <object_component id="oc-3af">
         <name>__TI_handler_table</name>
         <load_address>0xe088</load_address>
         <run_address>0xe088</run_address>
         <size>0x6</size>
      </object_component>
      <object_component id="oc-3b1">
         <name>.cinit..bss.load</name>
         <load_address>0xe08e</load_address>
         <run_address>0xe08e</run_address>
         <size>0x4</size>
      </object_component>
      <object_component id="oc-3b0">
         <name>__TI_cinit_table</name>
         <load_address>0xe092</load_address>
         <run_address>0xe092</run_address>
         <size>0x8</size>
      </object_component>
      <object_component id="oc-2df">
         <name>.const:cordic_ctab_degrees</name>
         <load_address>0xe040</load_address>
         <run_address>0xe040</run_address>
         <size>0x40</size>
         <input_file_ref idref="fl-3"/>
      </object_component>
      <object_component id="oc-379">
         <name>.binit</name>
         <load_address>0xc000</load_address>
         <run_address>0xc000</run_address>
         <size>0x0</size>
      </object_component>
      <object_component id="oc-40">
         <name>.int00</name>
         <load_address>0xffe0</load_address>
         <run_address>0xffe0</run_address>
         <size>0x2</size>
         <input_file_ref idref="fl-3a"/>
      </object_component>
      <object_component id="oc-41">
         <name>.int02</name>
         <load_address>0xffe4</load_address>
         <run_address>0xffe4</run_address>
         <size>0x2</size>
         <input_file_ref idref="fl-3b"/>
      </object_component>
      <object_component id="oc-42">
         <name>.int03</name>
         <load_address>0xffe6</load_address>
         <run_address>0xffe6</run_address>
         <size>0x2</size>
         <input_file_ref idref="fl-3c"/>
      </object_component>
      <object_component id="oc-43">
         <name>.int05</name>
         <load_address>0xffea</load_address>
         <run_address>0xffea</run_address>
         <size>0x2</size>
         <input_file_ref idref="fl-5"/>
      </object_component>
      <object_component id="oc-44">
         <name>.int06</name>
         <load_address>0xffec</load_address>
         <run_address>0xffec</run_address>
         <size>0x2</size>
         <input_file_ref idref="fl-3d"/>
      </object_component>
      <object_component id="oc-45">
         <name>.int07</name>
         <load_address>0xffee</load_address>
         <run_address>0xffee</run_address>
         <size>0x2</size>
         <input_file_ref idref="fl-3e"/>
      </object_component>
      <object_component id="oc-46">
         <name>.int08</name>
         <load_address>0xfff0</load_address>
         <run_address>0xfff0</run_address>
         <size>0x2</size>
         <input_file_ref idref="fl-3f"/>
      </object_component>
      <object_component id="oc-47">
         <name>.int09</name>
         <load_address>0xfff2</load_address>
         <run_address>0xfff2</run_address>
         <size>0x2</size>
         <input_file_ref idref="fl-8"/>
      </object_component>
      <object_component id="oc-48">
         <name>.int10</name>
         <load_address>0xfff4</load_address>
         <run_address>0xfff4</run_address>
         <size>0x2</size>
         <input_file_ref idref="fl-40"/>
      </object_component>
      <object_component id="oc-49">
         <name>.int11</name>
         <load_address>0xfff6</load_address>
         <run_address>0xfff6</run_address>
         <size>0x2</size>
         <input_file_ref idref="fl-41"/>
      </object_component>
      <object_component id="oc-4a">
         <name>.int12</name>
         <load_address>0xfff8</load_address>
         <run_address>0xfff8</run_address>
         <size>0x2</size>
         <input_file_ref idref="fl-42"/>
      </object_component>
      <object_component id="oc-4b">
         <name>.int13</name>
         <load_address>0xfffa</load_address>
         <run_address>0xfffa</run_address>
         <size>0x2</size>
         <input_file_ref idref="fl-43"/>
      </object_component>
      <object_component id="oc-4c">
         <name>.int14</name>
         <load_address>0xfffc</load_address>
         <run_address>0xfffc</run_address>
         <size>0x2</size>
         <input_file_ref idref="fl-44"/>
      </object_component>
      <object_component id="oc-f4">
         <name>.reset</name>
         <load_address>0xfffe</load_address>
         <run_address>0xfffe</run_address>
         <size>0x2</size>
         <input_file_ref idref="fl-24"/>
      </object_component>
      <object_component id="oc-1b9">
         <name>.debug_info</name>
         <load_address>0x0</load_address>
         <run_address>0x0</run_address>
         <size>0x134</size>
         <input_file_ref idref="fl-2"/>
      </object_component>
      <object_component id="oc-23f">
         <name>.debug_info</name>
         <load_address>0x134</load_address>
         <run_address>0x134</run_address>
         <size>0x147</size>
         <input_file_ref idref="fl-2"/>
      </object_component>
      <object_component id="oc-10a">
         <name>.debug_info</name>
         <load_address>0x27b</load_address>
         <run_address>0x27b</run_address>
         <size>0x84</size>
         <input_file_ref idref="fl-2"/>
      </object_component>
      <object_component id="oc-2e8">
         <name>.debug_info</name>
         <load_address>0x2ff</load_address>
         <run_address>0x2ff</run_address>
         <size>0x149</size>
         <input_file_ref idref="fl-3"/>
      </object_component>
      <object_component id="oc-2e0">
         <name>.debug_info</name>
         <load_address>0x448</load_address>
         <run_address>0x448</run_address>
         <size>0xf5</size>
         <input_file_ref idref="fl-3"/>
      </object_component>
      <object_component id="oc-265">
         <name>.debug_info</name>
         <load_address>0x53d</load_address>
         <run_address>0x53d</run_address>
         <size>0x2a6</size>
         <input_file_ref idref="fl-3"/>
      </object_component>
      <object_component id="oc-202">
         <name>.debug_info</name>
         <load_address>0x7e3</load_address>
         <run_address>0x7e3</run_address>
         <size>0x72</size>
         <input_file_ref idref="fl-3"/>
      </object_component>
      <object_component id="oc-23d">
         <name>.debug_info</name>
         <load_address>0x855</load_address>
         <run_address>0x855</run_address>
         <size>0x15c</size>
         <input_file_ref idref="fl-4"/>
      </object_component>
      <object_component id="oc-1d3">
         <name>.debug_info</name>
         <load_address>0x9b1</load_address>
         <run_address>0x9b1</run_address>
         <size>0x22e</size>
         <input_file_ref idref="fl-4"/>
      </object_component>
      <object_component id="oc-2d1">
         <name>.debug_info</name>
         <load_address>0xbdf</load_address>
         <run_address>0xbdf</run_address>
         <size>0x143</size>
         <input_file_ref idref="fl-4"/>
      </object_component>
      <object_component id="oc-24a">
         <name>.debug_info</name>
         <load_address>0xd22</load_address>
         <run_address>0xd22</run_address>
         <size>0x1da</size>
         <input_file_ref idref="fl-4"/>
      </object_component>
      <object_component id="oc-1fd">
         <name>.debug_info</name>
         <load_address>0xefc</load_address>
         <run_address>0xefc</run_address>
         <size>0x112</size>
         <input_file_ref idref="fl-4"/>
      </object_component>
      <object_component id="oc-184">
         <name>.debug_info</name>
         <load_address>0x100e</load_address>
         <run_address>0x100e</run_address>
         <size>0x7a7</size>
         <input_file_ref idref="fl-5"/>
      </object_component>
      <object_component id="oc-254">
         <name>.debug_info</name>
         <load_address>0x17b5</load_address>
         <run_address>0x17b5</run_address>
         <size>0xd3</size>
         <input_file_ref idref="fl-5"/>
      </object_component>
      <object_component id="oc-245">
         <name>.debug_info</name>
         <load_address>0x1888</load_address>
         <run_address>0x1888</run_address>
         <size>0x334</size>
         <input_file_ref idref="fl-5"/>
      </object_component>
      <object_component id="oc-258">
         <name>.debug_info</name>
         <load_address>0x1bbc</load_address>
         <run_address>0x1bbc</run_address>
         <size>0xdd</size>
         <input_file_ref idref="fl-5"/>
      </object_component>
      <object_component id="oc-25b">
         <name>.debug_info</name>
         <load_address>0x1c99</load_address>
         <run_address>0x1c99</run_address>
         <size>0xdd</size>
         <input_file_ref idref="fl-5"/>
      </object_component>
      <object_component id="oc-25e">
         <name>.debug_info</name>
         <load_address>0x1d76</load_address>
         <run_address>0x1d76</run_address>
         <size>0xdd</size>
         <input_file_ref idref="fl-5"/>
      </object_component>
      <object_component id="oc-155">
         <name>.debug_info</name>
         <load_address>0x1e53</load_address>
         <run_address>0x1e53</run_address>
         <size>0x20f</size>
         <input_file_ref idref="fl-5"/>
      </object_component>
      <object_component id="oc-1bf">
         <name>.debug_info</name>
         <load_address>0x2062</load_address>
         <run_address>0x2062</run_address>
         <size>0x111</size>
         <input_file_ref idref="fl-5"/>
      </object_component>
      <object_component id="oc-1de">
         <name>.debug_info</name>
         <load_address>0x2173</load_address>
         <run_address>0x2173</run_address>
         <size>0x105</size>
         <input_file_ref idref="fl-5"/>
      </object_component>
      <object_component id="oc-122">
         <name>.debug_info</name>
         <load_address>0x2278</load_address>
         <run_address>0x2278</run_address>
         <size>0x10a</size>
         <input_file_ref idref="fl-5"/>
      </object_component>
      <object_component id="oc-1e4">
         <name>.debug_info</name>
         <load_address>0x2382</load_address>
         <run_address>0x2382</run_address>
         <size>0x111</size>
         <input_file_ref idref="fl-5"/>
      </object_component>
      <object_component id="oc-1ea">
         <name>.debug_info</name>
         <load_address>0x2493</load_address>
         <run_address>0x2493</run_address>
         <size>0x2f5</size>
         <input_file_ref idref="fl-5"/>
      </object_component>
      <object_component id="oc-1d8">
         <name>.debug_info</name>
         <load_address>0x2788</load_address>
         <run_address>0x2788</run_address>
         <size>0x185</size>
         <input_file_ref idref="fl-5"/>
      </object_component>
      <object_component id="oc-2b2">
         <name>.debug_info</name>
         <load_address>0x290d</load_address>
         <run_address>0x290d</run_address>
         <size>0x114</size>
         <input_file_ref idref="fl-5"/>
      </object_component>
      <object_component id="oc-1ad">
         <name>.debug_info</name>
         <load_address>0x2a21</load_address>
         <run_address>0x2a21</run_address>
         <size>0x122</size>
         <input_file_ref idref="fl-5"/>
      </object_component>
      <object_component id="oc-1f0">
         <name>.debug_info</name>
         <load_address>0x2b43</load_address>
         <run_address>0x2b43</run_address>
         <size>0x19a</size>
         <input_file_ref idref="fl-5"/>
      </object_component>
      <object_component id="oc-1cb">
         <name>.debug_info</name>
         <load_address>0x2cdd</load_address>
         <run_address>0x2cdd</run_address>
         <size>0x13f</size>
         <input_file_ref idref="fl-6"/>
      </object_component>
      <object_component id="oc-1b5">
         <name>.debug_info</name>
         <load_address>0x2e1c</load_address>
         <run_address>0x2e1c</run_address>
         <size>0x10e</size>
         <input_file_ref idref="fl-7"/>
      </object_component>
      <object_component id="oc-2c8">
         <name>.debug_info</name>
         <load_address>0x2f2a</load_address>
         <run_address>0x2f2a</run_address>
         <size>0x155</size>
         <input_file_ref idref="fl-7"/>
      </object_component>
      <object_component id="oc-1c5">
         <name>.debug_info</name>
         <load_address>0x307f</load_address>
         <run_address>0x307f</run_address>
         <size>0x11b</size>
         <input_file_ref idref="fl-8"/>
      </object_component>
      <object_component id="oc-128">
         <name>.debug_info</name>
         <load_address>0x319a</load_address>
         <run_address>0x319a</run_address>
         <size>0x11c</size>
         <input_file_ref idref="fl-8"/>
      </object_component>
      <object_component id="oc-2e4">
         <name>.debug_info</name>
         <load_address>0x32b6</load_address>
         <run_address>0x32b6</run_address>
         <size>0x118</size>
         <input_file_ref idref="fl-23"/>
      </object_component>
      <object_component id="oc-354">
         <name>.debug_info</name>
         <load_address>0x33ce</load_address>
         <run_address>0x33ce</run_address>
         <size>0x11e</size>
         <input_file_ref idref="fl-23"/>
      </object_component>
      <object_component id="oc-f2">
         <name>.debug_info</name>
         <load_address>0x34ec</load_address>
         <run_address>0x34ec</run_address>
         <size>0xf5</size>
         <input_file_ref idref="fl-24"/>
      </object_component>
      <object_component id="oc-6c">
         <name>.debug_info</name>
         <load_address>0x35e1</load_address>
         <run_address>0x35e1</run_address>
         <size>0x196</size>
         <input_file_ref idref="fl-25"/>
      </object_component>
      <object_component id="oc-172">
         <name>.debug_info</name>
         <load_address>0x3777</load_address>
         <run_address>0x3777</run_address>
         <size>0x16b</size>
         <input_file_ref idref="fl-26"/>
      </object_component>
      <object_component id="oc-35">
         <name>.debug_info</name>
         <load_address>0x38e2</load_address>
         <run_address>0x38e2</run_address>
         <size>0x287</size>
         <input_file_ref idref="fl-26"/>
      </object_component>
      <object_component id="oc-105">
         <name>.debug_info</name>
         <load_address>0x3b69</load_address>
         <run_address>0x3b69</run_address>
         <size>0x60</size>
         <input_file_ref idref="fl-26"/>
      </object_component>
      <object_component id="oc-16d">
         <name>.debug_info</name>
         <load_address>0x3bc9</load_address>
         <run_address>0x3bc9</run_address>
         <size>0x46</size>
         <input_file_ref idref="fl-26"/>
      </object_component>
      <object_component id="oc-11b">
         <name>.debug_info</name>
         <load_address>0x3c0f</load_address>
         <run_address>0x3c0f</run_address>
         <size>0x1b2</size>
         <input_file_ref idref="fl-27"/>
      </object_component>
      <object_component id="oc-3c">
         <name>.debug_info</name>
         <load_address>0x3dc1</load_address>
         <run_address>0x3dc1</run_address>
         <size>0x1df</size>
         <input_file_ref idref="fl-27"/>
      </object_component>
      <object_component id="oc-116">
         <name>.debug_info</name>
         <load_address>0x3fa0</load_address>
         <run_address>0x3fa0</run_address>
         <size>0x46</size>
         <input_file_ref idref="fl-27"/>
      </object_component>
      <object_component id="oc-17a">
         <name>.debug_info</name>
         <load_address>0x3fe6</load_address>
         <run_address>0x3fe6</run_address>
         <size>0x2c</size>
         <input_file_ref idref="fl-27"/>
      </object_component>
      <object_component id="oc-133">
         <name>.debug_info</name>
         <load_address>0x4012</load_address>
         <run_address>0x4012</run_address>
         <size>0x16a</size>
         <input_file_ref idref="fl-28"/>
      </object_component>
      <object_component id="oc-4f">
         <name>.debug_info</name>
         <load_address>0x417c</load_address>
         <run_address>0x417c</run_address>
         <size>0x1b5</size>
         <input_file_ref idref="fl-28"/>
      </object_component>
      <object_component id="oc-12e">
         <name>.debug_info</name>
         <load_address>0x4331</load_address>
         <run_address>0x4331</run_address>
         <size>0x46</size>
         <input_file_ref idref="fl-28"/>
      </object_component>
      <object_component id="oc-175">
         <name>.debug_info</name>
         <load_address>0x4377</load_address>
         <run_address>0x4377</run_address>
         <size>0x2c</size>
         <input_file_ref idref="fl-28"/>
      </object_component>
      <object_component id="oc-326">
         <name>.debug_info</name>
         <load_address>0x43a3</load_address>
         <run_address>0x43a3</run_address>
         <size>0x1c4</size>
         <input_file_ref idref="fl-29"/>
      </object_component>
      <object_component id="oc-294">
         <name>.debug_info</name>
         <load_address>0x4567</load_address>
         <run_address>0x4567</run_address>
         <size>0x1cd</size>
         <input_file_ref idref="fl-29"/>
      </object_component>
      <object_component id="oc-26a">
         <name>.debug_info</name>
         <load_address>0x4734</load_address>
         <run_address>0x4734</run_address>
         <size>0x12d</size>
         <input_file_ref idref="fl-2a"/>
      </object_component>
      <object_component id="oc-2ad">
         <name>.debug_info</name>
         <load_address>0x4861</load_address>
         <run_address>0x4861</run_address>
         <size>0x119</size>
         <input_file_ref idref="fl-2b"/>
      </object_component>
      <object_component id="oc-312">
         <name>.debug_info</name>
         <load_address>0x497a</load_address>
         <run_address>0x497a</run_address>
         <size>0x1d1</size>
         <input_file_ref idref="fl-2c"/>
      </object_component>
      <object_component id="oc-288">
         <name>.debug_info</name>
         <load_address>0x4b4b</load_address>
         <run_address>0x4b4b</run_address>
         <size>0x312</size>
         <input_file_ref idref="fl-2c"/>
      </object_component>
      <object_component id="oc-30d">
         <name>.debug_info</name>
         <load_address>0x4e5d</load_address>
         <run_address>0x4e5d</run_address>
         <size>0x39</size>
         <input_file_ref idref="fl-2c"/>
      </object_component>
      <object_component id="oc-102">
         <name>.debug_info</name>
         <load_address>0x4e96</load_address>
         <run_address>0x4e96</run_address>
         <size>0x126</size>
         <input_file_ref idref="fl-2d"/>
      </object_component>
      <object_component id="oc-2f6">
         <name>.debug_info</name>
         <load_address>0x4fbc</load_address>
         <run_address>0x4fbc</run_address>
         <size>0xf3</size>
         <input_file_ref idref="fl-2e"/>
      </object_component>
      <object_component id="oc-15d">
         <name>.debug_info</name>
         <load_address>0x50af</load_address>
         <run_address>0x50af</run_address>
         <size>0x117</size>
         <input_file_ref idref="fl-2f"/>
      </object_component>
      <object_component id="oc-2a0">
         <name>.debug_info</name>
         <load_address>0x51c6</load_address>
         <run_address>0x51c6</run_address>
         <size>0x166</size>
         <input_file_ref idref="fl-31"/>
      </object_component>
      <object_component id="oc-332">
         <name>.debug_info</name>
         <load_address>0x532c</load_address>
         <run_address>0x532c</run_address>
         <size>0x1b5</size>
         <input_file_ref idref="fl-32"/>
      </object_component>
      <object_component id="oc-31a">
         <name>.debug_info</name>
         <load_address>0x54e1</load_address>
         <run_address>0x54e1</run_address>
         <size>0x94</size>
         <input_file_ref idref="fl-32"/>
      </object_component>
      <object_component id="oc-29a">
         <name>.debug_info</name>
         <load_address>0x5575</load_address>
         <run_address>0x5575</run_address>
         <size>0x15b</size>
         <input_file_ref idref="fl-33"/>
      </object_component>
      <object_component id="oc-360">
         <name>.debug_info</name>
         <load_address>0x56d0</load_address>
         <run_address>0x56d0</run_address>
         <size>0x1ca</size>
         <input_file_ref idref="fl-34"/>
      </object_component>
      <object_component id="oc-328">
         <name>.debug_info</name>
         <load_address>0x589a</load_address>
         <run_address>0x589a</run_address>
         <size>0x210</size>
         <input_file_ref idref="fl-34"/>
      </object_component>
      <object_component id="oc-274">
         <name>.debug_info</name>
         <load_address>0x5aaa</load_address>
         <run_address>0x5aaa</run_address>
         <size>0x119</size>
         <input_file_ref idref="fl-35"/>
      </object_component>
      <object_component id="oc-26e">
         <name>.debug_info</name>
         <load_address>0x5bc3</load_address>
         <run_address>0x5bc3</run_address>
         <size>0x122</size>
         <input_file_ref idref="fl-36"/>
      </object_component>
      <object_component id="oc-27e">
         <name>.debug_info</name>
         <load_address>0x5ce5</load_address>
         <run_address>0x5ce5</run_address>
         <size>0x124</size>
         <input_file_ref idref="fl-37"/>
      </object_component>
      <object_component id="oc-284">
         <name>.debug_info</name>
         <load_address>0x5e09</load_address>
         <run_address>0x5e09</run_address>
         <size>0x119</size>
         <input_file_ref idref="fl-38"/>
      </object_component>
      <object_component id="oc-27a">
         <name>.debug_info</name>
         <load_address>0x5f22</load_address>
         <run_address>0x5f22</run_address>
         <size>0x12d</size>
         <input_file_ref idref="fl-39"/>
      </object_component>
      <object_component id="oc-11d">
         <name>.debug_info</name>
         <load_address>0x604f</load_address>
         <run_address>0x604f</run_address>
         <size>0x107</size>
         <input_file_ref idref="fl-45"/>
      </object_component>
      <object_component id="oc-f7">
         <name>.debug_info</name>
         <load_address>0x6156</load_address>
         <run_address>0x6156</run_address>
         <size>0x118</size>
         <input_file_ref idref="fl-46"/>
      </object_component>
      <object_component id="oc-30a">
         <name>.debug_info</name>
         <load_address>0x626e</load_address>
         <run_address>0x626e</run_address>
         <size>0x118</size>
         <input_file_ref idref="fl-47"/>
      </object_component>
      <object_component id="oc-322">
         <name>.debug_info</name>
         <load_address>0x6386</load_address>
         <run_address>0x6386</run_address>
         <size>0x11e</size>
         <input_file_ref idref="fl-47"/>
      </object_component>
      <object_component id="oc-fc">
         <name>.debug_info</name>
         <load_address>0x64a4</load_address>
         <run_address>0x64a4</run_address>
         <size>0x118</size>
         <input_file_ref idref="fl-48"/>
      </object_component>
      <object_component id="oc-304">
         <name>.debug_info</name>
         <load_address>0x65bc</load_address>
         <run_address>0x65bc</run_address>
         <size>0x118</size>
         <input_file_ref idref="fl-49"/>
      </object_component>
      <object_component id="oc-2ff">
         <name>.debug_info</name>
         <load_address>0x66d4</load_address>
         <run_address>0x66d4</run_address>
         <size>0x11e</size>
         <input_file_ref idref="fl-49"/>
      </object_component>
      <object_component id="oc-174">
         <name>.debug_info</name>
         <load_address>0x67f2</load_address>
         <run_address>0x67f2</run_address>
         <size>0x16d</size>
         <input_file_ref idref="fl-4b"/>
      </object_component>
      <object_component id="oc-111">
         <name>.debug_info</name>
         <load_address>0x695f</load_address>
         <run_address>0x695f</run_address>
         <size>0x191</size>
         <input_file_ref idref="fl-4b"/>
      </object_component>
      <object_component id="oc-31f">
         <name>.debug_info</name>
         <load_address>0x6af0</load_address>
         <run_address>0x6af0</run_address>
         <size>0x201</size>
         <input_file_ref idref="fl-4d"/>
      </object_component>
      <object_component id="oc-28e">
         <name>.debug_info</name>
         <load_address>0x6cf1</load_address>
         <run_address>0x6cf1</run_address>
         <size>0x2d5</size>
         <input_file_ref idref="fl-4d"/>
      </object_component>
      <object_component id="oc-135">
         <name>.debug_info</name>
         <load_address>0x6fc6</load_address>
         <run_address>0x6fc6</run_address>
         <size>0x148</size>
         <input_file_ref idref="fl-4e"/>
      </object_component>
      <object_component id="oc-345">
         <name>.debug_info</name>
         <load_address>0x710e</load_address>
         <run_address>0x710e</run_address>
         <size>0x206</size>
         <input_file_ref idref="fl-50"/>
      </object_component>
      <object_component id="oc-2f0">
         <name>.debug_info</name>
         <load_address>0x7314</load_address>
         <run_address>0x7314</run_address>
         <size>0x253</size>
         <input_file_ref idref="fl-50"/>
      </object_component>
      <object_component id="oc-2fb">
         <name>.debug_info</name>
         <load_address>0x7567</load_address>
         <run_address>0x7567</run_address>
         <size>0x118</size>
         <input_file_ref idref="fl-52"/>
      </object_component>
      <object_component id="oc-197">
         <name>.debug_info</name>
         <load_address>0x767f</load_address>
         <run_address>0x767f</run_address>
         <size>0x3b6</size>
         <input_file_ref idref="fl-53"/>
      </object_component>
      <object_component id="oc-13b">
         <name>.debug_info</name>
         <load_address>0x7a35</load_address>
         <run_address>0x7a35</run_address>
         <size>0x1c2</size>
         <input_file_ref idref="fl-53"/>
      </object_component>
      <object_component id="oc-211">
         <name>.debug_info</name>
         <load_address>0x7bf7</load_address>
         <run_address>0x7bf7</run_address>
         <size>0x39</size>
         <input_file_ref idref="fl-53"/>
      </object_component>
      <object_component id="oc-216">
         <name>.debug_info</name>
         <load_address>0x7c30</load_address>
         <run_address>0x7c30</run_address>
         <size>0xcd</size>
         <input_file_ref idref="fl-53"/>
      </object_component>
      <object_component id="oc-20d">
         <name>.debug_info</name>
         <load_address>0x7cfd</load_address>
         <run_address>0x7cfd</run_address>
         <size>0x252</size>
         <input_file_ref idref="fl-54"/>
      </object_component>
      <object_component id="oc-18b">
         <name>.debug_info</name>
         <load_address>0x7f4f</load_address>
         <run_address>0x7f4f</run_address>
         <size>0x1b0</size>
         <input_file_ref idref="fl-54"/>
      </object_component>
      <object_component id="oc-2bb">
         <name>.debug_info</name>
         <load_address>0x80ff</load_address>
         <run_address>0x80ff</run_address>
         <size>0x2c</size>
         <input_file_ref idref="fl-54"/>
      </object_component>
      <object_component id="oc-369">
         <name>.debug_info</name>
         <load_address>0x812b</load_address>
         <run_address>0x812b</run_address>
         <size>0x1ff</size>
         <input_file_ref idref="fl-55"/>
      </object_component>
      <object_component id="oc-33f">
         <name>.debug_info</name>
         <load_address>0x832a</load_address>
         <run_address>0x832a</run_address>
         <size>0x31e</size>
         <input_file_ref idref="fl-55"/>
      </object_component>
      <object_component id="oc-359">
         <name>.debug_info</name>
         <load_address>0x8648</load_address>
         <run_address>0x8648</run_address>
         <size>0x1d1</size>
         <input_file_ref idref="fl-56"/>
      </object_component>
      <object_component id="oc-315">
         <name>.debug_info</name>
         <load_address>0x8819</load_address>
         <run_address>0x8819</run_address>
         <size>0x3a0</size>
         <input_file_ref idref="fl-56"/>
      </object_component>
      <object_component id="oc-208">
         <name>.debug_info</name>
         <load_address>0x8bb9</load_address>
         <run_address>0x8bb9</run_address>
         <size>0x119</size>
         <input_file_ref idref="fl-57"/>
      </object_component>
      <object_component id="oc-351">
         <name>.debug_info</name>
         <load_address>0x8cd2</load_address>
         <run_address>0x8cd2</run_address>
         <size>0x119</size>
         <input_file_ref idref="fl-58"/>
      </object_component>
      <object_component id="oc-373">
         <name>.debug_info</name>
         <load_address>0x8deb</load_address>
         <run_address>0x8deb</run_address>
         <size>0x1d1</size>
         <input_file_ref idref="fl-59"/>
      </object_component>
      <object_component id="oc-363">
         <name>.debug_info</name>
         <load_address>0x8fbc</load_address>
         <run_address>0x8fbc</run_address>
         <size>0x1ee</size>
         <input_file_ref idref="fl-59"/>
      </object_component>
      <object_component id="oc-193">
         <name>.debug_info</name>
         <load_address>0x91aa</load_address>
         <run_address>0x91aa</run_address>
         <size>0x145</size>
         <input_file_ref idref="fl-5a"/>
      </object_component>
      <object_component id="oc-3b4">
         <name>.debug_info</name>
         <load_address>0x92ef</load_address>
         <run_address>0x92ef</run_address>
         <size>0xaf</size>
      </object_component>
      <object_component id="oc-1bc">
         <name>.debug_line</name>
         <load_address>0x0</load_address>
         <run_address>0x0</run_address>
         <size>0x48</size>
         <input_file_ref idref="fl-2"/>
      </object_component>
      <object_component id="oc-242">
         <name>.debug_line</name>
         <load_address>0x48</load_address>
         <run_address>0x48</run_address>
         <size>0x4b</size>
         <input_file_ref idref="fl-2"/>
      </object_component>
      <object_component id="oc-10d">
         <name>.debug_line</name>
         <load_address>0x93</load_address>
         <run_address>0x93</run_address>
         <size>0x20</size>
         <input_file_ref idref="fl-2"/>
      </object_component>
      <object_component id="oc-33d">
         <name>.debug_line</name>
         <load_address>0xb3</load_address>
         <run_address>0xb3</run_address>
         <size>0x20</size>
         <input_file_ref idref="fl-3"/>
      </object_component>
      <object_component id="oc-33a">
         <name>.debug_line</name>
         <load_address>0xd3</load_address>
         <run_address>0xd3</run_address>
         <size>0x2f</size>
         <input_file_ref idref="fl-3"/>
      </object_component>
      <object_component id="oc-267">
         <name>.debug_line</name>
         <load_address>0x102</load_address>
         <run_address>0x102</run_address>
         <size>0x92</size>
         <input_file_ref idref="fl-3"/>
      </object_component>
      <object_component id="oc-205">
         <name>.debug_line</name>
         <load_address>0x194</load_address>
         <run_address>0x194</run_address>
         <size>0x2f</size>
         <input_file_ref idref="fl-3"/>
      </object_component>
      <object_component id="oc-2c6">
         <name>.debug_line</name>
         <load_address>0x1c3</load_address>
         <run_address>0x1c3</run_address>
         <size>0x31</size>
         <input_file_ref idref="fl-4"/>
      </object_component>
      <object_component id="oc-1d6">
         <name>.debug_line</name>
         <load_address>0x1f4</load_address>
         <run_address>0x1f4</run_address>
         <size>0x49</size>
         <input_file_ref idref="fl-4"/>
      </object_component>
      <object_component id="oc-2d4">
         <name>.debug_line</name>
         <load_address>0x23d</load_address>
         <run_address>0x23d</run_address>
         <size>0x44</size>
         <input_file_ref idref="fl-4"/>
      </object_component>
      <object_component id="oc-249">
         <name>.debug_line</name>
         <load_address>0x281</load_address>
         <run_address>0x281</run_address>
         <size>0xa0</size>
         <input_file_ref idref="fl-4"/>
      </object_component>
      <object_component id="oc-200">
         <name>.debug_line</name>
         <load_address>0x321</load_address>
         <run_address>0x321</run_address>
         <size>0x31</size>
         <input_file_ref idref="fl-4"/>
      </object_component>
      <object_component id="oc-1fc">
         <name>.debug_line</name>
         <load_address>0x352</load_address>
         <run_address>0x352</run_address>
         <size>0x156</size>
         <input_file_ref idref="fl-5"/>
      </object_component>
      <object_component id="oc-2d8">
         <name>.debug_line</name>
         <load_address>0x4a8</load_address>
         <run_address>0x4a8</run_address>
         <size>0x2d</size>
         <input_file_ref idref="fl-5"/>
      </object_component>
      <object_component id="oc-2cf">
         <name>.debug_line</name>
         <load_address>0x4d5</load_address>
         <run_address>0x4d5</run_address>
         <size>0x2d</size>
         <input_file_ref idref="fl-5"/>
      </object_component>
      <object_component id="oc-2da">
         <name>.debug_line</name>
         <load_address>0x502</load_address>
         <run_address>0x502</run_address>
         <size>0x2d</size>
         <input_file_ref idref="fl-5"/>
      </object_component>
      <object_component id="oc-2dc">
         <name>.debug_line</name>
         <load_address>0x52f</load_address>
         <run_address>0x52f</run_address>
         <size>0x2d</size>
         <input_file_ref idref="fl-5"/>
      </object_component>
      <object_component id="oc-2de">
         <name>.debug_line</name>
         <load_address>0x55c</load_address>
         <run_address>0x55c</run_address>
         <size>0x2d</size>
         <input_file_ref idref="fl-5"/>
      </object_component>
      <object_component id="oc-158">
         <name>.debug_line</name>
         <load_address>0x589</load_address>
         <run_address>0x589</run_address>
         <size>0x52</size>
         <input_file_ref idref="fl-5"/>
      </object_component>
      <object_component id="oc-1c2">
         <name>.debug_line</name>
         <load_address>0x5db</load_address>
         <run_address>0x5db</run_address>
         <size>0x46</size>
         <input_file_ref idref="fl-5"/>
      </object_component>
      <object_component id="oc-1e2">
         <name>.debug_line</name>
         <load_address>0x621</load_address>
         <run_address>0x621</run_address>
         <size>0x4b</size>
         <input_file_ref idref="fl-5"/>
      </object_component>
      <object_component id="oc-126">
         <name>.debug_line</name>
         <load_address>0x66c</load_address>
         <run_address>0x66c</run_address>
         <size>0x43</size>
         <input_file_ref idref="fl-5"/>
      </object_component>
      <object_component id="oc-1e8">
         <name>.debug_line</name>
         <load_address>0x6af</load_address>
         <run_address>0x6af</run_address>
         <size>0x4f</size>
         <input_file_ref idref="fl-5"/>
      </object_component>
      <object_component id="oc-1ee">
         <name>.debug_line</name>
         <load_address>0x6fe</load_address>
         <run_address>0x6fe</run_address>
         <size>0x72</size>
         <input_file_ref idref="fl-5"/>
      </object_component>
      <object_component id="oc-1dc">
         <name>.debug_line</name>
         <load_address>0x770</load_address>
         <run_address>0x770</run_address>
         <size>0x9b</size>
         <input_file_ref idref="fl-5"/>
      </object_component>
      <object_component id="oc-2b6">
         <name>.debug_line</name>
         <load_address>0x80b</load_address>
         <run_address>0x80b</run_address>
         <size>0xae</size>
         <input_file_ref idref="fl-5"/>
      </object_component>
      <object_component id="oc-1b1">
         <name>.debug_line</name>
         <load_address>0x8b9</load_address>
         <run_address>0x8b9</run_address>
         <size>0x44</size>
         <input_file_ref idref="fl-5"/>
      </object_component>
      <object_component id="oc-1f4">
         <name>.debug_line</name>
         <load_address>0x8fd</load_address>
         <run_address>0x8fd</run_address>
         <size>0x67</size>
         <input_file_ref idref="fl-5"/>
      </object_component>
      <object_component id="oc-1ce">
         <name>.debug_line</name>
         <load_address>0x964</load_address>
         <run_address>0x964</run_address>
         <size>0x48</size>
         <input_file_ref idref="fl-6"/>
      </object_component>
      <object_component id="oc-1b3">
         <name>.debug_line</name>
         <load_address>0x9ac</load_address>
         <run_address>0x9ac</run_address>
         <size>0x41</size>
         <input_file_ref idref="fl-7"/>
      </object_component>
      <object_component id="oc-2cb">
         <name>.debug_line</name>
         <load_address>0x9ed</load_address>
         <run_address>0x9ed</run_address>
         <size>0x51</size>
         <input_file_ref idref="fl-7"/>
      </object_component>
      <object_component id="oc-1c9">
         <name>.debug_line</name>
         <load_address>0xa3e</load_address>
         <run_address>0xa3e</run_address>
         <size>0x46</size>
         <input_file_ref idref="fl-8"/>
      </object_component>
      <object_component id="oc-12c">
         <name>.debug_line</name>
         <load_address>0xa84</load_address>
         <run_address>0xa84</run_address>
         <size>0x42</size>
         <input_file_ref idref="fl-8"/>
      </object_component>
      <object_component id="oc-2e6">
         <name>.debug_line</name>
         <load_address>0xac6</load_address>
         <run_address>0xac6</run_address>
         <size>0x3e</size>
         <input_file_ref idref="fl-23"/>
      </object_component>
      <object_component id="oc-357">
         <name>.debug_line</name>
         <load_address>0xb04</load_address>
         <run_address>0xb04</run_address>
         <size>0x56</size>
         <input_file_ref idref="fl-23"/>
      </object_component>
      <object_component id="oc-169">
         <name>.debug_line</name>
         <load_address>0xb5a</load_address>
         <run_address>0xb5a</run_address>
         <size>0x2a</size>
         <input_file_ref idref="fl-24"/>
      </object_component>
      <object_component id="oc-6f">
         <name>.debug_line</name>
         <load_address>0xb84</load_address>
         <run_address>0xb84</run_address>
         <size>0x4c</size>
         <input_file_ref idref="fl-25"/>
      </object_component>
      <object_component id="oc-1f8">
         <name>.debug_line</name>
         <load_address>0xbd0</load_address>
         <run_address>0xbd0</run_address>
         <size>0x20</size>
         <input_file_ref idref="fl-26"/>
      </object_component>
      <object_component id="oc-39">
         <name>.debug_line</name>
         <load_address>0xbf0</load_address>
         <run_address>0xbf0</run_address>
         <size>0x92</size>
         <input_file_ref idref="fl-26"/>
      </object_component>
      <object_component id="oc-108">
         <name>.debug_line</name>
         <load_address>0xc82</load_address>
         <run_address>0xc82</run_address>
         <size>0x3a</size>
         <input_file_ref idref="fl-26"/>
      </object_component>
      <object_component id="oc-170">
         <name>.debug_line</name>
         <load_address>0xcbc</load_address>
         <run_address>0xcbc</run_address>
         <size>0x8a</size>
         <input_file_ref idref="fl-26"/>
      </object_component>
      <object_component id="oc-180">
         <name>.debug_line</name>
         <load_address>0xd46</load_address>
         <run_address>0xd46</run_address>
         <size>0x8a</size>
         <input_file_ref idref="fl-27"/>
      </object_component>
      <object_component id="oc-3f">
         <name>.debug_line</name>
         <load_address>0xdd0</load_address>
         <run_address>0xdd0</run_address>
         <size>0x50</size>
         <input_file_ref idref="fl-27"/>
      </object_component>
      <object_component id="oc-119">
         <name>.debug_line</name>
         <load_address>0xe20</load_address>
         <run_address>0xe20</run_address>
         <size>0x3a</size>
         <input_file_ref idref="fl-27"/>
      </object_component>
      <object_component id="oc-17d">
         <name>.debug_line</name>
         <load_address>0xe5a</load_address>
         <run_address>0xe5a</run_address>
         <size>0x8a</size>
         <input_file_ref idref="fl-27"/>
      </object_component>
      <object_component id="oc-188">
         <name>.debug_line</name>
         <load_address>0xee4</load_address>
[...]
         <name>errno</name>
         <value>0x25e</value>
         <object_component_ref idref="oc-2f5"/>
      </symbol>
      <symbol id="sm-2ee">
         <name>C$$EXIT</name>
         <value>0xe034</value>
         <object_component_ref idref="oc-15c"/>
      </symbol>
      <symbol id="sm-2ef">
         <name>abort</name>
         <value>0xe034</value>
         <object_component_ref idref="oc-15c"/>
      </symbol>
      <symbol id="sm-2fd">
         <name>__mspabi_fixdi</name>
         <value>0xde44</value>
         <object_component_ref idref="oc-29f"/>
      </symbol>
      <symbol id="sm-311">
         <name>__mspabi_fixdli</name>
         <value>0xd9cc</value>
         <object_component_ref idref="oc-32e"/>
      </symbol>
      <symbol id="sm-31a">
         <name>__mspabi_fltid</name>
         <value>0xe012</value>
         <object_component_ref idref="oc-299"/>
      </symbol>
      <symbol id="sm-331">
         <name>__mspabi_fltlid</name>
         <value>0xd6ea</value>
         <object_component_ref idref="oc-327"/>
      </symbol>
      <symbol id="sm-34c">
         <name>__mspabi_subf</name>
         <value>0xd34c</value>
         <object_component_ref idref="oc-272"/>
      </symbol>
      <symbol id="sm-34d">
         <name>__mspabi_addf</name>
         <value>0xd352</value>
         <object_component_ref idref="oc-272"/>
      </symbol>
      <symbol id="sm-35a">
         <name>__mspabi_fltif</name>
         <value>0xdd2c</value>
         <object_component_ref idref="oc-26d"/>
      </symbol>
      <symbol id="sm-369">
         <name>__mspabi_fltlif</name>
         <value>0xdc66</value>
         <object_component_ref idref="oc-27d"/>
      </symbol>
      <symbol id="sm-380">
         <name>__mspabi_mpyf</name>
         <value>0xd568</value>
         <object_component_ref idref="oc-282"/>
      </symbol>
      <symbol id="sm-392">
         <name>__mspabi_fixfi</name>
         <value>0xdaac</value>
         <object_component_ref idref="oc-277"/>
      </symbol>
      <symbol id="sm-395">
         <name>__TI_int00</name>
         <value>0xffe0</value>
         <object_component_ref idref="oc-40"/>
      </symbol>
      <symbol id="sm-398">
         <name>__TI_int02</name>
         <value>0xffe4</value>
         <object_component_ref idref="oc-41"/>
      </symbol>
      <symbol id="sm-39b">
         <name>__TI_int03</name>
         <value>0xffe6</value>
         <object_component_ref idref="oc-42"/>
      </symbol>
      <symbol id="sm-39e">
         <name>__TI_int06</name>
         <value>0xffec</value>
         <object_component_ref idref="oc-44"/>
      </symbol>
      <symbol id="sm-3a1">
         <name>__TI_int07</name>
         <value>0xffee</value>
         <object_component_ref idref="oc-45"/>
      </symbol>
      <symbol id="sm-3a4">
         <name>__TI_int08</name>
         <value>0xfff0</value>
         <object_component_ref idref="oc-46"/>
      </symbol>
      <symbol id="sm-3a7">
         <name>__TI_int10</name>
         <value>0xfff4</value>
         <object_component_ref idref="oc-48"/>
      </symbol>
      <symbol id="sm-3aa">
         <name>__TI_int11</name>
         <value>0xfff6</value>
         <object_component_ref idref="oc-49"/>
      </symbol>
      <symbol id="sm-3ad">
         <name>__TI_int12</name>
         <value>0xfff8</value>
         <object_component_ref idref="oc-4a"/>
      </symbol>
      <symbol id="sm-3b0">
         <name>__TI_int13</name>
         <value>0xfffa</value>
         <object_component_ref idref="oc-4b"/>
      </symbol>
      <symbol id="sm-3b3">
         <name>__TI_int14</name>
         <value>0xfffc</value>
         <object_component_ref idref="oc-4c"/>
      </symbol>
      <symbol id="sm-3bb">
         <name>__TI_ISR_TRAP</name>
         <value>0xe026</value>
         <object_component_ref idref="oc-11c"/>
      </symbol>
      <symbol id="sm-3c3">
         <name>__mspabi_slli</name>
         <value>0xde18</value>
         <object_component_ref idref="oc-f5"/>
      </symbol>
      <symbol id="sm-3c4">
         <name>__mspabi_slli_9</name>
         <value>0xde30</value>
         <object_component_ref idref="oc-f5"/>
      </symbol>
      <symbol id="sm-3c5">
         <name>__mspabi_slli_8</name>
         <value>0xde32</value>
         <object_component_ref idref="oc-f5"/>
      </symbol>
      <symbol id="sm-3c6">
         <name>__mspabi_slli_7</name>
         <value>0xde34</value>
         <object_component_ref idref="oc-f5"/>
      </symbol>
      <symbol id="sm-3c7">
         <name>__mspabi_slli_6</name>
         <value>0xde36</value>
         <object_component_ref idref="oc-f5"/>
      </symbol>
      <symbol id="sm-3c8">
         <name>__mspabi_slli_5</name>
         <value>0xde38</value>
         <object_component_ref idref="oc-f5"/>
      </symbol>
      <symbol id="sm-3c9">
         <name>__mspabi_slli_4</name>
         <value>0xde3a</value>
         <object_component_ref idref="oc-f5"/>
      </symbol>
      <symbol id="sm-3ca">
         <name>__mspabi_slli_3</name>
         <value>0xde3c</value>
         <object_component_ref idref="oc-f5"/>
      </symbol>
      <symbol id="sm-3cb">
         <name>__mspabi_slli_2</name>
         <value>0xde3e</value>
         <object_component_ref idref="oc-f5"/>
      </symbol>
      <symbol id="sm-3cc">
         <name>__mspabi_slli_1</name>
         <value>0xde40</value>
         <object_component_ref idref="oc-f5"/>
      </symbol>
      <symbol id="sm-3cd">
         <name>__mspabi_slli_15</name>
         <value>0xde24</value>
         <object_component_ref idref="oc-f5"/>
      </symbol>
      <symbol id="sm-3ce">
         <name>__mspabi_slli_14</name>
         <value>0xde26</value>
         <object_component_ref idref="oc-f5"/>
      </symbol>
      <symbol id="sm-3cf">
         <name>__mspabi_slli_13</name>
         <value>0xde28</value>
         <object_component_ref idref="oc-f5"/>
      </symbol>
      <symbol id="sm-3d0">
         <name>__mspabi_slli_12</name>
         <value>0xde2a</value>
         <object_component_ref idref="oc-f5"/>
      </symbol>
      <symbol id="sm-3d1">
         <name>__mspabi_slli_11</name>
         <value>0xde2c</value>
         <object_component_ref idref="oc-f5"/>
      </symbol>
      <symbol id="sm-3d2">
         <name>__mspabi_slli_10</name>
         <value>0xde2e</value>
         <object_component_ref idref="oc-f5"/>
      </symbol>
      <symbol id="sm-3e2">
         <name>__mspabi_slll_9</name>
         <value>0xdd06</value>
         <object_component_ref idref="oc-320"/>
      </symbol>
      <symbol id="sm-3e3">
         <name>__mspabi_slll_8</name>
         <value>0xdd0a</value>
         <object_component_ref idref="oc-320"/>
      </symbol>
      <symbol id="sm-3e4">
         <name>__mspabi_slll_7</name>
         <value>0xdd0e</value>
         <object_component_ref idref="oc-320"/>
      </symbol>
      <symbol id="sm-3e5">
         <name>__mspabi_slll_6</name>
         <value>0xdd12</value>
         <object_component_ref idref="oc-320"/>
      </symbol>
      <symbol id="sm-3e6">
         <name>__mspabi_slll_5</name>
         <value>0xdd16</value>
         <object_component_ref idref="oc-320"/>
      </symbol>
      <symbol id="sm-3e7">
         <name>__mspabi_slll_4</name>
         <value>0xdd1a</value>
         <object_component_ref idref="oc-320"/>
      </symbol>
      <symbol id="sm-3e8">
         <name>__mspabi_slll_3</name>
         <value>0xdd1e</value>
         <object_component_ref idref="oc-320"/>
      </symbol>
      <symbol id="sm-3e9">
         <name>__mspabi_slll_2</name>
         <value>0xdd22</value>
         <object_component_ref idref="oc-320"/>
      </symbol>
      <symbol id="sm-3ea">
         <name>__mspabi_slll_1</name>
         <value>0xdd26</value>
         <object_component_ref idref="oc-320"/>
      </symbol>
      <symbol id="sm-3eb">
         <name>__mspabi_slll</name>
         <value>0xdfca</value>
         <object_component_ref idref="oc-307"/>
      </symbol>
      <symbol id="sm-3ec">
         <name>__mspabi_slll_15</name>
         <value>0xdcee</value>
         <object_component_ref idref="oc-320"/>
      </symbol>
      <symbol id="sm-3ed">
         <name>__mspabi_slll_14</name>
         <value>0xdcf2</value>
         <object_component_ref idref="oc-320"/>
      </symbol>
      <symbol id="sm-3ee">
         <name>__mspabi_slll_13</name>
         <value>0xdcf6</value>
         <object_component_ref idref="oc-320"/>
      </symbol>
      <symbol id="sm-3ef">
         <name>__mspabi_slll_12</name>
         <value>0xdcfa</value>
         <object_component_ref idref="oc-320"/>
      </symbol>
      <symbol id="sm-3f0">
         <name>__mspabi_slll_11</name>
         <value>0xdcfe</value>
         <object_component_ref idref="oc-320"/>
      </symbol>
      <symbol id="sm-3f1">
         <name>__mspabi_slll_10</name>
         <value>0xdd02</value>
         <object_component_ref idref="oc-320"/>
      </symbol>
      <symbol id="sm-3f9">
         <name>__mspabi_srli_8</name>
         <value>0xdc44</value>
         <object_component_ref idref="oc-fa"/>
      </symbol>
      <symbol id="sm-3fa">
         <name>__mspabi_srli_9</name>
         <value>0xdc40</value>
         <object_component_ref idref="oc-fa"/>
      </symbol>
      <symbol id="sm-3fb">
         <name>__mspabi_srli_6</name>
         <value>0xdc4c</value>
         <object_component_ref idref="oc-fa"/>
      </symbol>
      <symbol id="sm-3fc">
         <name>__mspabi_srli_7</name>
         <value>0xdc48</value>
         <object_component_ref idref="oc-fa"/>
      </symbol>
      <symbol id="sm-3fd">
         <name>__mspabi_srli_4</name>
         <value>0xdc54</value>
         <object_component_ref idref="oc-fa"/>
      </symbol>
      <symbol id="sm-3fe">
         <name>__mspabi_srli_5</name>
         <value>0xdc50</value>
         <object_component_ref idref="oc-fa"/>
      </symbol>
      <symbol id="sm-3ff">
         <name>__mspabi_srli_2</name>
         <value>0xdc5c</value>
         <object_component_ref idref="oc-fa"/>
      </symbol>
      <symbol id="sm-400">
         <name>__mspabi_srli_3</name>
         <value>0xdc58</value>
         <object_component_ref idref="oc-fa"/>
      </symbol>
      <symbol id="sm-401">
         <name>__mspabi_srli_1</name>
         <value>0xdc60</value>
         <object_component_ref idref="oc-fa"/>
      </symbol>
      <symbol id="sm-402">
         <name>__mspabi_srli</name>
         <value>0xdc1a</value>
         <object_component_ref idref="oc-fa"/>
      </symbol>
      <symbol id="sm-403">
         <name>__mspabi_srli_15</name>
         <value>0xdc28</value>
         <object_component_ref idref="oc-fa"/>
      </symbol>
      <symbol id="sm-404">
         <name>__mspabi_srli_14</name>
         <value>0xdc2c</value>
         <object_component_ref idref="oc-fa"/>
      </symbol>
      <symbol id="sm-405">
         <name>__mspabi_srli_13</name>
         <value>0xdc30</value>
         <object_component_ref idref="oc-fa"/>
      </symbol>
      <symbol id="sm-406">
         <name>__mspabi_srli_12</name>
         <value>0xdc34</value>
         <object_component_ref idref="oc-fa"/>
      </symbol>
      <symbol id="sm-407">
         <name>__mspabi_srli_11</name>
         <value>0xdc38</value>
         <object_component_ref idref="oc-fa"/>
      </symbol>
      <symbol id="sm-408">
         <name>__mspabi_srli_10</name>
         <value>0xdc3c</value>
         <object_component_ref idref="oc-fa"/>
      </symbol>
      <symbol id="sm-418">
         <name>__mspabi_srll_8</name>
         <value>0xdb3e</value>
         <object_component_ref idref="oc-2fd"/>
      </symbol>
      <symbol id="sm-419">
         <name>__mspabi_srll_9</name>
         <value>0xdb38</value>
         <object_component_ref idref="oc-2fd"/>
      </symbol>
      <symbol id="sm-41a">
         <name>__mspabi_srll_6</name>
         <value>0xdb4a</value>
         <object_component_ref idref="oc-2fd"/>
      </symbol>
      <symbol id="sm-41b">
         <name>__mspabi_srll_7</name>
         <value>0xdb44</value>
         <object_component_ref idref="oc-2fd"/>
      </symbol>
      <symbol id="sm-41c">
         <name>__mspabi_srll_4</name>
         <value>0xdb56</value>
         <object_component_ref idref="oc-2fd"/>
      </symbol>
      <symbol id="sm-41d">
         <name>__mspabi_srll_5</name>
         <value>0xdb50</value>
         <object_component_ref idref="oc-2fd"/>
      </symbol>
      <symbol id="sm-41e">
         <name>__mspabi_srll_2</name>
         <value>0xdb62</value>
         <object_component_ref idref="oc-2fd"/>
      </symbol>
      <symbol id="sm-41f">
         <name>__mspabi_srll_3</name>
         <value>0xdb5c</value>
         <object_component_ref idref="oc-2fd"/>
      </symbol>
      <symbol id="sm-420">
         <name>__mspabi_srll_1</name>
         <value>0xdb68</value>
         <object_component_ref idref="oc-2fd"/>
      </symbol>
      <symbol id="sm-421">
         <name>__mspabi_srll_15</name>
         <value>0xdb14</value>
         <object_component_ref idref="oc-2fd"/>
      </symbol>
      <symbol id="sm-422">
         <name>__mspabi_srll_14</name>
         <value>0xdb1a</value>
         <object_component_ref idref="oc-2fd"/>
      </symbol>
      <symbol id="sm-423">
         <name>__mspabi_srll_13</name>
         <value>0xdb20</value>
         <object_component_ref idref="oc-2fd"/>
      </symbol>
      <symbol id="sm-424">
         <name>__mspabi_srll_12</name>
         <value>0xdb26</value>
         <object_component_ref idref="oc-2fd"/>
      </symbol>
      <symbol id="sm-425">
         <name>__mspabi_srll_11</name>
         <value>0xdb2c</value>
         <object_component_ref idref="oc-2fd"/>
      </symbol>
      <symbol id="sm-426">
         <name>__mspabi_srll_10</name>
         <value>0xdb32</value>
         <object_component_ref idref="oc-2fd"/>
      </symbol>
      <symbol id="sm-427">
         <name>__mspabi_srll</name>
         <value>0xdf96</value>
         <object_component_ref idref="oc-302"/>
      </symbol>
      <symbol id="sm-436">
         <name>memcpy</name>
         <value>0xdfa8</value>
         <object_component_ref idref="oc-10f"/>
      </symbol>
      <symbol id="sm-459">
         <name>__mspabi_mpyd</name>
         <value>0xc866</value>
         <object_component_ref idref="oc-28d"/>
      </symbol>
      <symbol id="sm-462">
         <name>_system_pre_init</name>
         <value>0xe03a</value>
         <object_component_ref idref="oc-134"/>
      </symbol>
      <symbol id="sm-485">
         <name>__mspabi_addd</name>
         <value>0xc2f8</value>
         <object_component_ref idref="oc-2ef"/>
      </symbol>
      <symbol id="sm-48e">
         <name>__mspabi_srai</name>
         <value>0xddc0</value>
         <object_component_ref idref="oc-2f8"/>
      </symbol>
      <symbol id="sm-48f">
         <name>__mspabi_srai_8</name>
         <value>0xddda</value>
         <object_component_ref idref="oc-2f8"/>
      </symbol>
      <symbol id="sm-490">
         <name>__mspabi_srai_9</name>
         <value>0xddd8</value>
         <object_component_ref idref="oc-2f8"/>
      </symbol>
      <symbol id="sm-491">
         <name>__mspabi_srai_6</name>
         <value>0xddde</value>
         <object_component_ref idref="oc-2f8"/>
      </symbol>
      <symbol id="sm-492">
         <name>__mspabi_srai_7</name>
         <value>0xdddc</value>
         <object_component_ref idref="oc-2f8"/>
      </symbol>
      <symbol id="sm-493">
         <name>__mspabi_srai_4</name>
         <value>0xdde2</value>
         <object_component_ref idref="oc-2f8"/>
      </symbol>
      <symbol id="sm-494">
         <name>__mspabi_srai_5</name>
         <value>0xdde0</value>
         <object_component_ref idref="oc-2f8"/>
      </symbol>
      <symbol id="sm-495">
         <name>__mspabi_srai_2</name>
         <value>0xdde6</value>
         <object_component_ref idref="oc-2f8"/>
      </symbol>
      <symbol id="sm-496">
         <name>__mspabi_srai_3</name>
         <value>0xdde4</value>
         <object_component_ref idref="oc-2f8"/>
      </symbol>
      <symbol id="sm-497">
         <name>__mspabi_srai_1</name>
         <value>0xdde8</value>
         <object_component_ref idref="oc-2f8"/>
      </symbol>
      <symbol id="sm-498">
         <name>__mspabi_srai_15</name>
         <value>0xddcc</value>
         <object_component_ref idref="oc-2f8"/>
      </symbol>
      <symbol id="sm-499">
         <name>__mspabi_srai_14</name>
         <value>0xddce</value>
         <object_component_ref idref="oc-2f8"/>
      </symbol>
      <symbol id="sm-49a">
         <name>__mspabi_srai_13</name>
         <value>0xddd0</value>
         <object_component_ref idref="oc-2f8"/>
      </symbol>
      <symbol id="sm-49b">
         <name>__mspabi_srai_12</name>
         <value>0xddd2</value>
         <object_component_ref idref="oc-2f8"/>
      </symbol>
      <symbol id="sm-49c">
         <name>__mspabi_srai_11</name>
         <value>0xddd4</value>
         <object_component_ref idref="oc-2f8"/>
      </symbol>
      <symbol id="sm-49d">
         <name>__mspabi_srai_10</name>
         <value>0xddd6</value>
         <object_component_ref idref="oc-2f8"/>
      </symbol>
      <symbol id="sm-4b9">
         <name>_auto_init</name>
         <value>0xda3e</value>
         <object_component_ref idref="oc-13a"/>
      </symbol>
      <symbol id="sm-4cf">
         <name>copy_in</name>
         <value>0xdb70</value>
         <object_component_ref idref="oc-18a"/>
      </symbol>
      <symbol id="sm-4f0">
         <name>__TI_frcaddd</name>
         <value>0xcad4</value>
         <object_component_ref idref="oc-33e"/>
      </symbol>
      <symbol id="sm-500">
         <name>__TI_frcmpyd</name>
         <value>0xc5e0</value>
         <object_component_ref idref="oc-313"/>
      </symbol>
      <symbol id="sm-50a">
         <name>__mspabi_mpyi_sw</name>
         <value>0xdf70</value>
         <object_component_ref idref="oc-207"/>
      </symbol>
      <symbol id="sm-50b">
         <name>__mspabi_mpyi</name>
         <value>0xdf70</value>
         <object_component_ref idref="oc-207"/>
      </symbol>
      <symbol id="sm-515">
         <name>__mspabi_mpyl_sw</name>
         <value>0xde6c</value>
         <object_component_ref idref="oc-34e"/>
      </symbol>
      <symbol id="sm-516">
         <name>__mspabi_mpyl</name>
         <value>0xde6c</value>
         <object_component_ref idref="oc-34e"/>
      </symbol>
      <symbol id="sm-529">
         <name>__TI_renormd</name>
         <value>0xd62c</value>
         <object_component_ref idref="oc-362"/>
      </symbol>
      <symbol id="sm-532">
         <name>_system_post_cinit</name>
         <value>0xe03e</value>
         <object_component_ref idref="oc-190"/>
      </symbol>
      <symbol id="sm-535">
         <name>__TI_BINIT_Base</name>
         <value>0x0</value>
      </symbol>
      <symbol id="sm-536">
         <name>__TI_BINIT_Limit</name>
         <value>0x0</value>
      </symbol>
      <symbol id="sm-537">
         <name>__TI_INITARRAY_Base</name>
         <value>0x0</value>
      </symbol>
      <symbol id="sm-538">
         <name>__TI_INITARRAY_Limit</name>
         <value>0x0</value>
      </symbol>
   </symbol_table>
   <title>Link successful</title>
</link_info>
